#
# There is insufficient memory for the Java Runtime Environment to continue.
# Native memory allocation (malloc) failed to allocate 1137616 bytes. Error detail: Chunk::new
# Possible reasons:
#   The system is out of physical RAM or swap space
#   This process is running with CompressedOops enabled, and the Java Heap may be blocking the growth of the native heap
# Possible solutions:
#   Reduce memory load on the system
#   Increase physical memory or swap space
#   Check if swap backing store is full
#   Decrease Java heap size (-Xmx/-Xms)
#   Decrease number of Java threads
#   Decrease Java thread stack sizes (-Xss)
#   Set larger code cache with -XX:ReservedCodeCacheSize=
#   JVM is running with Unscaled Compressed Oops mode in which the Java heap is
#     placed in the first 4GB address space. The Java Heap base address is the
#     maximum limit for the native heap growth. Please use -XX:HeapBaseMinAddress
#     to set the Java Heap base and to place the Java Heap above 4GB virtual address.
# This output file may be truncated or incomplete.
#
#  Out of Memory Error (arena.cpp:168), pid=37644, tid=36396
#
# JRE version: OpenJDK Runtime Environment Temurin-21.0.7+6 (21.0.7+6) (build 21.0.7+6-LTS)
# Java VM: OpenJDK 64-Bit Server VM Temurin-21.0.7+6 (21.0.7+6-LTS, mixed mode, sharing, tiered, compressed oops, compressed class ptrs, g1 gc, windows-amd64)
# No core dump will be written. Minidumps are not enabled by default on client versions of Windows
#

---------------  S U M M A R Y ------------

Command Line: --add-opens=java.base/java.lang=ALL-UNNAMED --add-opens=java.base/java.lang.invoke=ALL-UNNAMED --add-opens=java.base/java.util=ALL-UNNAMED --add-opens=java.prefs/java.util.prefs=ALL-UNNAMED --add-exports=jdk.compiler/com.sun.tools.javac.api=ALL-UNNAMED --add-exports=jdk.compiler/com.sun.tools.javac.util=ALL-UNNAMED --add-opens=java.base/java.util=ALL-UNNAMED --add-opens=java.prefs/java.util.prefs=ALL-UNNAMED --add-opens=java.base/java.nio.charset=ALL-UNNAMED --add-opens=java.base/java.net=ALL-UNNAMED --add-opens=java.base/java.util.concurrent.atomic=ALL-UNNAMED --add-opens=java.xml/javax.xml.namespace=ALL-UNNAMED -Xmx1536m -Dfile.encoding=UTF-8 -Duser.country=CO -Duser.language=es -Duser.variant -javaagent:C:\Users\USUARIO\.gradle\wrapper\dists\gradle-8.11.1-all\2qik7nd48slq1ooc2496ixf4i\gradle-8.11.1\lib\agents\gradle-instrumentation-agent-8.11.1.jar org.gradle.launcher.daemon.bootstrap.GradleDaemon 8.11.1

Host: AMD Ryzen 7 7435HS                             , 16 cores, 7G,  Windows 11 , 64 bit Build 26100 (10.0.26100.3912)
Time: Sat May 24 17:53:47 2025 Hora est. Pacífico, Sudamérica elapsed time: 71.401146 seconds (0d 0h 1m 11s)

---------------  T H R E A D  ---------------

Current thread (0x0000021aa4ebf390):  JavaThread "C2 CompilerThread0" daemon [_thread_in_native, id=36396, stack(0x00000090b0d00000,0x00000090b0e00000) (1024K)]


Current CompileTask:
C2:71401 15262       4       org.gradle.internal.execution.steps.BuildOperationStep$1::call (11 bytes)

Stack: [0x00000090b0d00000,0x00000090b0e00000]
Native frames: (J=compiled Java code, j=interpreted, Vv=VM code, C=native code)
V  [jvm.dll+0x6ce119]
V  [jvm.dll+0x8a84a1]
V  [jvm.dll+0x8aa9ce]
V  [jvm.dll+0x8ab0b3]
V  [jvm.dll+0x27f8a6]
V  [jvm.dll+0xc507d]
V  [jvm.dll+0xc55b3]
V  [jvm.dll+0x2f2c6d]
V  [jvm.dll+0x5f6bca]
V  [jvm.dll+0x250cb2]
V  [jvm.dll+0x25106f]
V  [jvm.dll+0x249934]
V  [jvm.dll+0x246fc4]
V  [jvm.dll+0x1c760e]
V  [jvm.dll+0x25695a]
V  [jvm.dll+0x254efa]
V  [jvm.dll+0x3f03f6]
V  [jvm.dll+0x851f6b]
V  [jvm.dll+0x6cc7dd]
C  [ucrtbase.dll+0x37b0]
C  [KERNEL32.DLL+0x2e8d7]
C  [ntdll.dll+0x9c5dc]


---------------  P R O C E S S  ---------------

Threads class SMR info:
_java_thread_list=0x0000021aeeb44370, length=83, elements={
0x0000021a88194f60, 0x0000021aa4eb3640, 0x0000021aa4eb60a0, 0x0000021aa4eb96e0,
0x0000021aa4eba130, 0x0000021aa4ebab80, 0x0000021aa4ebdbf0, 0x0000021aa4ebf390,
0x0000021aa4ec0d60, 0x0000021aea0e54a0, 0x0000021aea24e6b0, 0x0000021aebbc9880,
0x0000021aeba8e700, 0x0000021aebba2a40, 0x0000021aebd32030, 0x0000021aea634980,
0x0000021aea6c29f0, 0x0000021aea6c0fb0, 0x0000021aea6c3080, 0x0000021aea6c0290,
0x0000021aea6c3710, 0x0000021aec591f20, 0x0000021aec5932d0, 0x0000021aec591890,
0x0000021aec5953a0, 0x0000021aec594680, 0x0000021aec595a30, 0x0000021aec598190,
0x0000021aec598eb0, 0x0000021aec596750, 0x0000021aec596de0, 0x0000021aec597470,
0x0000021aec597b00, 0x0000021aec598820, 0x0000021aea39ae20, 0x0000021aea39b4b0,
0x0000021aef986010, 0x0000021aef986d30, 0x0000021aef9838b0, 0x0000021aef98a1b0,
0x0000021af0d16a10, 0x0000021af0d15660, 0x0000021af0d15cf0, 0x0000021af0d16380,
0x0000021af0d17dc0, 0x0000021af0d18ae0, 0x0000021af0d170a0, 0x0000021af0d19170,
0x0000021af0d1a520, 0x0000021af0d19e90, 0x0000021af0d19800, 0x0000021af0d18450,
0x0000021af0d1abb0, 0x0000021af0d17730, 0x0000021af0d1b240, 0x0000021af0d1d9a0,
0x0000021af0d1b8d0, 0x0000021af0d1cc80, 0x0000021af0d1e6c0, 0x0000021af0d1e030,
0x0000021af0d1ed50, 0x0000021af0d1bf60, 0x0000021af0d1f3e0, 0x0000021af0d1fa70,
0x0000021af0d1d310, 0x0000021af0d1c5f0, 0x0000021af0d21b40, 0x0000021af0d221d0,
0x0000021af0d22860, 0x0000021af0d22ef0, 0x0000021af0d23580, 0x0000021af0d214b0,
0x0000021af0d20100, 0x0000021af0d23c10, 0x0000021af0d20790, 0x0000021af0d242a0,
0x0000021af0d20e20, 0x0000021af0d24930, 0x0000021aed6c84e0, 0x0000021aed6c9890,
0x0000021aed6c6aa0, 0x0000021aed6c7e50, 0x0000021aec2b1100
}

Java Threads: ( => current thread )
  0x0000021a88194f60 JavaThread "main"                              [_thread_blocked, id=31768, stack(0x00000090aff00000,0x00000090b0000000) (1024K)]
  0x0000021aa4eb3640 JavaThread "Reference Handler"          daemon [_thread_blocked, id=37728, stack(0x00000090b0700000,0x00000090b0800000) (1024K)]
  0x0000021aa4eb60a0 JavaThread "Finalizer"                  daemon [_thread_blocked, id=37636, stack(0x00000090b0800000,0x00000090b0900000) (1024K)]
  0x0000021aa4eb96e0 JavaThread "Signal Dispatcher"          daemon [_thread_blocked, id=36468, stack(0x00000090b0900000,0x00000090b0a00000) (1024K)]
  0x0000021aa4eba130 JavaThread "Attach Listener"            daemon [_thread_blocked, id=28960, stack(0x00000090b0a00000,0x00000090b0b00000) (1024K)]
  0x0000021aa4ebab80 JavaThread "Service Thread"             daemon [_thread_blocked, id=11004, stack(0x00000090b0b00000,0x00000090b0c00000) (1024K)]
  0x0000021aa4ebdbf0 JavaThread "Monitor Deflation Thread"   daemon [_thread_blocked, id=37244, stack(0x00000090b0c00000,0x00000090b0d00000) (1024K)]
=>0x0000021aa4ebf390 JavaThread "C2 CompilerThread0"         daemon [_thread_in_native, id=36396, stack(0x00000090b0d00000,0x00000090b0e00000) (1024K)]
  0x0000021aa4ec0d60 JavaThread "C1 CompilerThread0"         daemon [_thread_in_native, id=27636, stack(0x00000090b0e00000,0x00000090b0f00000) (1024K)]
  0x0000021aea0e54a0 JavaThread "Common-Cleaner"             daemon [_thread_blocked, id=3108, stack(0x00000090b0f00000,0x00000090b1000000) (1024K)]
  0x0000021aea24e6b0 JavaThread "Notification Thread"        daemon [_thread_blocked, id=8264, stack(0x00000090b1200000,0x00000090b1300000) (1024K)]
  0x0000021aebbc9880 JavaThread "Daemon health stats"               [_thread_blocked, id=36696, stack(0x00000090b1a00000,0x00000090b1b00000) (1024K)]
  0x0000021aeba8e700 JavaThread "Incoming local TCP Connector on port 52370"        [_thread_in_native, id=36920, stack(0x00000090b1b00000,0x00000090b1c00000) (1024K)]
  0x0000021aebba2a40 JavaThread "Daemon periodic checks"            [_thread_blocked, id=37476, stack(0x00000090b1c00000,0x00000090b1d00000) (1024K)]
  0x0000021aebd32030 JavaThread "Daemon"                            [_thread_blocked, id=15108, stack(0x00000090b1d00000,0x00000090b1e00000) (1024K)]
  0x0000021aea634980 JavaThread "Daemon worker"                     [_thread_in_Java, id=29424, stack(0x00000090b2000000,0x00000090b2100000) (1024K)]
  0x0000021aea6c29f0 JavaThread "Cache worker for journal cache (C:\Users\USUARIO\.gradle\caches\journal-1)"        [_thread_blocked, id=15044, stack(0x00000090b1400000,0x00000090b1500000) (1024K)]
  0x0000021aea6c0fb0 JavaThread "File lock request listener"        [_thread_in_native, id=3876, stack(0x00000090b2400000,0x00000090b2500000) (1024K)]
  0x0000021aea6c3080 JavaThread "Cache worker for file hash cache (C:\Users\USUARIO\.gradle\caches\8.11.1\fileHashes)"        [_thread_blocked, id=36108, stack(0x00000090b2500000,0x00000090b2600000) (1024K)]
  0x0000021aea6c0290 JavaThread "Cache worker for file content cache (C:\Users\USUARIO\.gradle\caches\8.11.1\fileContent)"        [_thread_blocked, id=10532, stack(0x00000090b2600000,0x00000090b2700000) (1024K)]
  0x0000021aea6c3710 JavaThread "File watcher server"        daemon [_thread_in_native, id=36260, stack(0x00000090b3200000,0x00000090b3300000) (1024K)]
  0x0000021aec591f20 JavaThread "File watcher consumer"      daemon [_thread_blocked, id=4392, stack(0x00000090b3300000,0x00000090b3400000) (1024K)]
  0x0000021aec5932d0 JavaThread "jar transforms"                    [_thread_blocked, id=2748, stack(0x00000090b3400000,0x00000090b3500000) (1024K)]
  0x0000021aec591890 JavaThread "jar transforms Thread 2"           [_thread_blocked, id=23944, stack(0x00000090b3500000,0x00000090b3600000) (1024K)]
  0x0000021aec5953a0 JavaThread "jar transforms Thread 3"           [_thread_blocked, id=37628, stack(0x00000090b3600000,0x00000090b3700000) (1024K)]
  0x0000021aec594680 JavaThread "jar transforms Thread 4"           [_thread_blocked, id=9928, stack(0x00000090b3c00000,0x00000090b3d00000) (1024K)]
  0x0000021aec595a30 JavaThread "jar transforms Thread 5"           [_thread_blocked, id=37164, stack(0x00000090b3d00000,0x00000090b3e00000) (1024K)]
  0x0000021aec598190 JavaThread "jar transforms Thread 6"           [_thread_blocked, id=17436, stack(0x00000090b3900000,0x00000090b3a00000) (1024K)]
  0x0000021aec598eb0 JavaThread "jar transforms Thread 7"           [_thread_blocked, id=36208, stack(0x00000090b3e00000,0x00000090b3f00000) (1024K)]
  0x0000021aec596750 JavaThread "jar transforms Thread 8"           [_thread_blocked, id=7100, stack(0x00000090b3f00000,0x00000090b4000000) (1024K)]
  0x0000021aec596de0 JavaThread "jar transforms Thread 9"           [_thread_blocked, id=37188, stack(0x00000090b4000000,0x00000090b4100000) (1024K)]
  0x0000021aec597470 JavaThread "jar transforms Thread 10"          [_thread_blocked, id=15428, stack(0x00000090b4100000,0x00000090b4200000) (1024K)]
  0x0000021aec597b00 JavaThread "jar transforms Thread 11"          [_thread_blocked, id=37616, stack(0x00000090b3700000,0x00000090b3800000) (1024K)]
  0x0000021aec598820 JavaThread "jar transforms Thread 12"          [_thread_blocked, id=27500, stack(0x00000090b4200000,0x00000090b4300000) (1024K)]
  0x0000021aea39ae20 JavaThread "jar transforms Thread 13"          [_thread_blocked, id=35924, stack(0x00000090b4300000,0x00000090b4400000) (1024K)]
  0x0000021aea39b4b0 JavaThread "jar transforms Thread 14"          [_thread_blocked, id=2464, stack(0x00000090b4500000,0x00000090b4600000) (1024K)]
  0x0000021aef986010 JavaThread "jar transforms Thread 15"          [_thread_blocked, id=22552, stack(0x00000090b1300000,0x00000090b1400000) (1024K)]
  0x0000021aef986d30 JavaThread "jar transforms Thread 16"          [_thread_blocked, id=35456, stack(0x00000090b5400000,0x00000090b5500000) (1024K)]
  0x0000021aef9838b0 JavaThread "File lock release action executor"        [_thread_blocked, id=4688, stack(0x00000090b7300000,0x00000090b7400000) (1024K)]
  0x0000021aef98a1b0 JavaThread "Memory manager"                    [_thread_blocked, id=29932, stack(0x00000090b1100000,0x00000090b1200000) (1024K)]
  0x0000021af0d16a10 JavaThread "included builds"                   [_thread_blocked, id=8280, stack(0x00000090bd000000,0x00000090bd100000) (1024K)]
  0x0000021af0d15660 JavaThread "VFS cleanup"                       [_thread_blocked, id=16528, stack(0x00000090afc00000,0x00000090afd00000) (1024K)]
  0x0000021af0d15cf0 JavaThread "Handler for socket connection from /127.0.0.1:52370 to /127.0.0.1:54825"        [_thread_in_native, id=29936, stack(0x00000090afd00000,0x00000090afe00000) (1024K)]
  0x0000021af0d16380 JavaThread "Cancel handler"                    [_thread_blocked, id=32532, stack(0x00000090afe00000,0x00000090aff00000) (1024K)]
  0x0000021af0d17dc0 JavaThread "Asynchronous log dispatcher for DefaultDaemonConnection: socket connection from /127.0.0.1:52370 to /127.0.0.1:54825"        [_thread_blocked, id=4288, stack(0x00000090b1000000,0x00000090b1100000) (1024K)]
  0x0000021af0d18ae0 JavaThread "Stdin handler"                     [_thread_blocked, id=35184, stack(0x00000090b1e00000,0x00000090b1f00000) (1024K)]
  0x0000021af0d170a0 JavaThread "Daemon client event forwarder"        [_thread_blocked, id=29884, stack(0x00000090b1f00000,0x00000090b2000000) (1024K)]
  0x0000021af0d19170 JavaThread "Cache worker for file hash cache (C:\Users\USUARIO\Desktop\Frontend_Proyecto\myApp_GAMSH\android\.gradle\8.11.1\fileHashes)"        [_thread_blocked, id=32452, stack(0x00000090b2100000,0x00000090b2200000) (1024K)]
  0x0000021af0d1a520 JavaThread "Cache worker for Build Output Cleanup Cache (C:\Users\USUARIO\Desktop\Frontend_Proyecto\myApp_GAMSH\android\.gradle\buildOutputCleanup)"        [_thread_blocked, id=1728, stack(0x00000090b2200000,0x00000090b2300000) (1024K)]
  0x0000021af0d19e90 JavaThread "Cache worker for checksums cache (C:\Users\USUARIO\Desktop\Frontend_Proyecto\myApp_GAMSH\android\.gradle\8.11.1\checksums)"        [_thread_blocked, id=16388, stack(0x00000090b2300000,0x00000090b2400000) (1024K)]
  0x0000021af0d19800 JavaThread "Cache worker for cache directory md-rule (C:\Users\USUARIO\.gradle\caches\8.11.1\md-rule)"        [_thread_blocked, id=36220, stack(0x00000090b3000000,0x00000090b3100000) (1024K)]
  0x0000021af0d18450 JavaThread "Cache worker for cache directory md-supplier (C:\Users\USUARIO\.gradle\caches\8.11.1\md-supplier)"        [_thread_blocked, id=37248, stack(0x00000090b3100000,0x00000090b3200000) (1024K)]
  0x0000021af0d1abb0 JavaThread "Unconstrained build operations"        [_thread_blocked, id=872, stack(0x00000090b3a00000,0x00000090b3b00000) (1024K)]
  0x0000021af0d17730 JavaThread "Unconstrained build operations Thread 2"        [_thread_blocked, id=37772, stack(0x00000090b3b00000,0x00000090b3c00000) (1024K)]
  0x0000021af0d1b240 JavaThread "Unconstrained build operations Thread 3"        [_thread_blocked, id=37620, stack(0x00000090b4400000,0x00000090b4500000) (1024K)]
  0x0000021af0d1d9a0 JavaThread "Unconstrained build operations Thread 4"        [_thread_blocked, id=11912, stack(0x00000090b4600000,0x00000090b4700000) (1024K)]
  0x0000021af0d1b8d0 JavaThread "Unconstrained build operations Thread 5"        [_thread_blocked, id=36648, stack(0x00000090b4700000,0x00000090b4800000) (1024K)]
  0x0000021af0d1cc80 JavaThread "Unconstrained build operations Thread 6"        [_thread_blocked, id=18360, stack(0x00000090b4800000,0x00000090b4900000) (1024K)]
  0x0000021af0d1e6c0 JavaThread "Unconstrained build operations Thread 7"        [_thread_blocked, id=28384, stack(0x00000090b4900000,0x00000090b4a00000) (1024K)]
  0x0000021af0d1e030 JavaThread "Unconstrained build operations Thread 8"        [_thread_blocked, id=27216, stack(0x00000090b4a00000,0x00000090b4b00000) (1024K)]
  0x0000021af0d1ed50 JavaThread "Unconstrained build operations Thread 9"        [_thread_blocked, id=37352, stack(0x00000090b4b00000,0x00000090b4c00000) (1024K)]
  0x0000021af0d1bf60 JavaThread "Unconstrained build operations Thread 10"        [_thread_blocked, id=17016, stack(0x00000090b4c00000,0x00000090b4d00000) (1024K)]
  0x0000021af0d1f3e0 JavaThread "Unconstrained build operations Thread 11"        [_thread_blocked, id=15616, stack(0x00000090b4d00000,0x00000090b4e00000) (1024K)]
  0x0000021af0d1fa70 JavaThread "Unconstrained build operations Thread 12"        [_thread_blocked, id=28604, stack(0x00000090b4e00000,0x00000090b4f00000) (1024K)]
  0x0000021af0d1d310 JavaThread "Unconstrained build operations Thread 13"        [_thread_blocked, id=21348, stack(0x00000090b4f00000,0x00000090b5000000) (1024K)]
  0x0000021af0d1c5f0 JavaThread "Unconstrained build operations Thread 14"        [_thread_blocked, id=36820, stack(0x00000090b5000000,0x00000090b5100000) (1024K)]
  0x0000021af0d21b40 JavaThread "Unconstrained build operations Thread 15"        [_thread_blocked, id=37172, stack(0x00000090b5100000,0x00000090b5200000) (1024K)]
  0x0000021af0d221d0 JavaThread "Unconstrained build operations Thread 16"        [_thread_blocked, id=37596, stack(0x00000090b5200000,0x00000090b5300000) (1024K)]
  0x0000021af0d22860 JavaThread "Unconstrained build operations Thread 17"        [_thread_blocked, id=6172, stack(0x00000090b5300000,0x00000090b5400000) (1024K)]
  0x0000021af0d22ef0 JavaThread "Unconstrained build operations Thread 18"        [_thread_blocked, id=36476, stack(0x00000090b5500000,0x00000090b5600000) (1024K)]
  0x0000021af0d23580 JavaThread "Unconstrained build operations Thread 19"        [_thread_blocked, id=22124, stack(0x00000090b5600000,0x00000090b5700000) (1024K)]
  0x0000021af0d214b0 JavaThread "Unconstrained build operations Thread 20"        [_thread_blocked, id=8676, stack(0x00000090b5700000,0x00000090b5800000) (1024K)]
  0x0000021af0d20100 JavaThread "Unconstrained build operations Thread 21"        [_thread_blocked, id=36640, stack(0x00000090b5800000,0x00000090b5900000) (1024K)]
  0x0000021af0d23c10 JavaThread "Unconstrained build operations Thread 22"        [_thread_blocked, id=37504, stack(0x00000090b5900000,0x00000090b5a00000) (1024K)]
  0x0000021af0d20790 JavaThread "Unconstrained build operations Thread 23"        [_thread_blocked, id=36892, stack(0x00000090b5a00000,0x00000090b5b00000) (1024K)]
  0x0000021af0d242a0 JavaThread "Unconstrained build operations Thread 24"        [_thread_blocked, id=35880, stack(0x00000090b5b00000,0x00000090b5c00000) (1024K)]
  0x0000021af0d20e20 JavaThread "Unconstrained build operations Thread 25"        [_thread_blocked, id=37632, stack(0x00000090b5c00000,0x00000090b5d00000) (1024K)]
  0x0000021af0d24930 JavaThread "Unconstrained build operations Thread 26"        [_thread_blocked, id=15308, stack(0x00000090b5d00000,0x00000090b5e00000) (1024K)]
  0x0000021aed6c84e0 JavaThread "Unconstrained build operations Thread 27"        [_thread_blocked, id=15912, stack(0x00000090b5e00000,0x00000090b5f00000) (1024K)]
  0x0000021aed6c9890 JavaThread "Unconstrained build operations Thread 28"        [_thread_blocked, id=32276, stack(0x00000090b5f00000,0x00000090b6000000) (1024K)]
  0x0000021aed6c6aa0 JavaThread "Unconstrained build operations Thread 29"        [_thread_blocked, id=36876, stack(0x00000090b6000000,0x00000090b6100000) (1024K)]
  0x0000021aed6c7e50 JavaThread "Unconstrained build operations Thread 30"        [_thread_blocked, id=35748, stack(0x00000090b6100000,0x00000090b6200000) (1024K)]
  0x0000021aec2b1100 JavaThread "C1 CompilerThread1"         daemon [_thread_blocked, id=18104, stack(0x00000090b3800000,0x00000090b3900000) (1024K)]
Total: 83

Other Threads:
  0x0000021aa4e8fd90 VMThread "VM Thread"                           [id=36724, stack(0x00000090b0600000,0x00000090b0700000) (1024K)]
  0x0000021aa4e7b300 WatcherThread "VM Periodic Task Thread"        [id=12052, stack(0x00000090b0500000,0x00000090b0600000) (1024K)]
  0x0000021a881dde70 WorkerThread "GC Thread#0"                     [id=3420, stack(0x00000090b0000000,0x00000090b0100000) (1024K)]
  0x0000021aea348230 WorkerThread "GC Thread#1"                     [id=17204, stack(0x00000090b1500000,0x00000090b1600000) (1024K)]
  0x0000021aea790ce0 WorkerThread "GC Thread#2"                     [id=37204, stack(0x00000090b1600000,0x00000090b1700000) (1024K)]
  0x0000021aea82c5a0 WorkerThread "GC Thread#3"                     [id=6288, stack(0x00000090b1700000,0x00000090b1800000) (1024K)]
  0x0000021aeb082770 WorkerThread "GC Thread#4"                     [id=17556, stack(0x00000090b1900000,0x00000090b1a00000) (1024K)]
  0x0000021aebaebe30 WorkerThread "GC Thread#5"                     [id=25292, stack(0x00000090b1800000,0x00000090b1900000) (1024K)]
  0x0000021aed25d0a0 WorkerThread "GC Thread#6"                     [id=18580, stack(0x00000090b2700000,0x00000090b2800000) (1024K)]
  0x0000021aed25d440 WorkerThread "GC Thread#7"                     [id=37640, stack(0x00000090b2800000,0x00000090b2900000) (1024K)]
  0x0000021aec4a5040 WorkerThread "GC Thread#8"                     [id=6328, stack(0x00000090b2900000,0x00000090b2a00000) (1024K)]
  0x0000021aec4a53e0 WorkerThread "GC Thread#9"                     [id=12904, stack(0x00000090b2a00000,0x00000090b2b00000) (1024K)]
  0x0000021aed120cc0 WorkerThread "GC Thread#10"                    [id=4216, stack(0x00000090b2b00000,0x00000090b2c00000) (1024K)]
  0x0000021aed1201e0 WorkerThread "GC Thread#11"                    [id=35176, stack(0x00000090b2c00000,0x00000090b2d00000) (1024K)]
  0x0000021aed11f360 WorkerThread "GC Thread#12"                    [id=26164, stack(0x00000090b2d00000,0x00000090b2e00000) (1024K)]
  0x0000021a881eb570 ConcurrentGCThread "G1 Main Marker"            [id=3504, stack(0x00000090b0100000,0x00000090b0200000) (1024K)]
  0x0000021a881ed5a0 WorkerThread "G1 Conc#0"                       [id=22108, stack(0x00000090b0200000,0x00000090b0300000) (1024K)]
  0x0000021aed11faa0 WorkerThread "G1 Conc#1"                       [id=35300, stack(0x00000090b2e00000,0x00000090b2f00000) (1024K)]
  0x0000021aed120580 WorkerThread "G1 Conc#2"                       [id=30472, stack(0x00000090b2f00000,0x00000090b3000000) (1024K)]
  0x0000021aa4d49e80 ConcurrentGCThread "G1 Refine#0"               [id=2540, stack(0x00000090b0300000,0x00000090b0400000) (1024K)]
  0x0000021aa4d4a7a0 ConcurrentGCThread "G1 Service"                [id=36064, stack(0x00000090b0400000,0x00000090b0500000) (1024K)]
Total: 21

Threads with active compile tasks:
C2 CompilerThread0  71473 15262       4       org.gradle.internal.execution.steps.BuildOperationStep$1::call (11 bytes)
Total: 1

VM state: not at safepoint (normal execution)

VM Mutex/Monitor currently owned by a thread: None

Heap address: 0x00000000a0000000, size: 1536 MB, Compressed Oops mode: 32-bit

CDS archive(s) mapped at: [0x0000021aa5000000-0x0000021aa5c80000-0x0000021aa5c80000), size 13107200, SharedBaseAddress: 0x0000021aa5000000, ArchiveRelocationMode: 1.
Compressed class space mapped at: 0x0000021aa6000000-0x0000021ae6000000, reserved size: 1073741824
Narrow klass base: 0x0000021aa5000000, Narrow klass shift: 0, Narrow klass range: 0x100000000

GC Precious Log:
 CardTable entry size: 512
 Card Set container configuration: InlinePtr #cards 5 size 8 Array Of Cards #cards 12 size 40 Howl #buckets 4 coarsen threshold 1843 Howl Bitmap #cards 512 size 80 coarsen threshold 460 Card regions per heap region 1 cards per card region 2048
 CPUs: 16 total, 16 available
 Memory: 8010M
 Large Page Support: Disabled
 NUMA Support: Disabled
 Compressed Oops: Enabled (32-bit)
 Heap Region Size: 1M
 Heap Min Capacity: 8M
 Heap Initial Capacity: 126M
 Heap Max Capacity: 1536M
 Pre-touch: Disabled
 Parallel Workers: 13
 Concurrent Workers: 3
 Concurrent Refinement Workers: 13
 Periodic GC: Disabled

Heap:
 garbage-first heap   total 189440K, used 142208K [0x00000000a0000000, 0x0000000100000000)
  region size 1024K, 20 young (20480K), 6 survivors (6144K)
 Metaspace       used 91004K, committed 93440K, reserved 1179648K
  class space    used 12685K, committed 13888K, reserved 1048576K

Heap Regions: E=young(eden), S=young(survivor), O=old, HS=humongous(starts), HC=humongous(continues), CS=collection set, F=free, TAMS=top-at-mark-start, PB=parsable bottom
|   0|0x00000000a0000000, 0x00000000a0100000, 0x00000000a0100000|100%|HS|  |TAMS 0x00000000a0000000| PB 0x00000000a0000000| Complete 
|   1|0x00000000a0100000, 0x00000000a0200000, 0x00000000a0200000|100%|HC|  |TAMS 0x00000000a0100000| PB 0x00000000a0100000| Complete 
|   2|0x00000000a0200000, 0x00000000a0300000, 0x00000000a0300000|100%|HC|  |TAMS 0x00000000a0200000| PB 0x00000000a0200000| Complete 
|   3|0x00000000a0300000, 0x00000000a0400000, 0x00000000a0400000|100%| O|  |TAMS 0x00000000a0300000| PB 0x00000000a0300000| Untracked 
|   4|0x00000000a0400000, 0x00000000a0500000, 0x00000000a0500000|100%| O|  |TAMS 0x00000000a0400000| PB 0x00000000a0400000| Untracked 
|   5|0x00000000a0500000, 0x00000000a0600000, 0x00000000a0600000|100%| O|  |TAMS 0x00000000a0500000| PB 0x00000000a0500000| Untracked 
|   6|0x00000000a0600000, 0x00000000a0700000, 0x00000000a0700000|100%|HS|  |TAMS 0x00000000a0600000| PB 0x00000000a0600000| Complete 
|   7|0x00000000a0700000, 0x00000000a0800000, 0x00000000a0800000|100%| O|  |TAMS 0x00000000a0700000| PB 0x00000000a0700000| Untracked 
|   8|0x00000000a0800000, 0x00000000a0900000, 0x00000000a0900000|100%| O|  |TAMS 0x00000000a0800000| PB 0x00000000a0800000| Untracked 
|   9|0x00000000a0900000, 0x00000000a0a00000, 0x00000000a0a00000|100%| O|  |TAMS 0x00000000a0900000| PB 0x00000000a0900000| Untracked 
|  10|0x00000000a0a00000, 0x00000000a0b00000, 0x00000000a0b00000|100%| O|  |TAMS 0x00000000a0a00000| PB 0x00000000a0a00000| Untracked 
|  11|0x00000000a0b00000, 0x00000000a0c00000, 0x00000000a0c00000|100%| O|  |TAMS 0x00000000a0b00000| PB 0x00000000a0b00000| Untracked 
|  12|0x00000000a0c00000, 0x00000000a0d00000, 0x00000000a0d00000|100%| O|  |TAMS 0x00000000a0c00000| PB 0x00000000a0c00000| Untracked 
|  13|0x00000000a0d00000, 0x00000000a0e00000, 0x00000000a0e00000|100%| O|  |TAMS 0x00000000a0d00000| PB 0x00000000a0d00000| Untracked 
|  14|0x00000000a0e00000, 0x00000000a0f00000, 0x00000000a0f00000|100%| O|  |TAMS 0x00000000a0e00000| PB 0x00000000a0e00000| Untracked 
|  15|0x00000000a0f00000, 0x00000000a1000000, 0x00000000a1000000|100%| O|  |TAMS 0x00000000a0f00000| PB 0x00000000a0f00000| Untracked 
|  16|0x00000000a1000000, 0x00000000a1100000, 0x00000000a1100000|100%| O|  |TAMS 0x00000000a1000000| PB 0x00000000a1000000| Untracked 
|  17|0x00000000a1100000, 0x00000000a1200000, 0x00000000a1200000|100%| O|  |TAMS 0x00000000a1100000| PB 0x00000000a1100000| Untracked 
|  18|0x00000000a1200000, 0x00000000a1300000, 0x00000000a1300000|100%| O|  |TAMS 0x00000000a1200000| PB 0x00000000a1200000| Untracked 
|  19|0x00000000a1300000, 0x00000000a1400000, 0x00000000a1400000|100%| O|  |TAMS 0x00000000a1300000| PB 0x00000000a1300000| Untracked 
|  20|0x00000000a1400000, 0x00000000a1500000, 0x00000000a1500000|100%| O|  |TAMS 0x00000000a1400000| PB 0x00000000a1400000| Untracked 
|  21|0x00000000a1500000, 0x00000000a1600000, 0x00000000a1600000|100%| O|  |TAMS 0x00000000a1500000| PB 0x00000000a1500000| Untracked 
|  22|0x00000000a1600000, 0x00000000a1700000, 0x00000000a1700000|100%| O|  |TAMS 0x00000000a1600000| PB 0x00000000a1600000| Untracked 
|  23|0x00000000a1700000, 0x00000000a1800000, 0x00000000a1800000|100%| O|  |TAMS 0x00000000a1700000| PB 0x00000000a1700000| Untracked 
|  24|0x00000000a1800000, 0x00000000a1900000, 0x00000000a1900000|100%| O|  |TAMS 0x00000000a1800000| PB 0x00000000a1800000| Untracked 
|  25|0x00000000a1900000, 0x00000000a1a00000, 0x00000000a1a00000|100%| O|  |TAMS 0x00000000a1900000| PB 0x00000000a1900000| Untracked 
|  26|0x00000000a1a00000, 0x00000000a1b00000, 0x00000000a1b00000|100%| O|  |TAMS 0x00000000a1a00000| PB 0x00000000a1a00000| Untracked 
|  27|0x00000000a1b00000, 0x00000000a1c00000, 0x00000000a1c00000|100%| O|  |TAMS 0x00000000a1b00000| PB 0x00000000a1b00000| Untracked 
|  28|0x00000000a1c00000, 0x00000000a1d00000, 0x00000000a1d00000|100%| O|  |TAMS 0x00000000a1c00000| PB 0x00000000a1c00000| Untracked 
|  29|0x00000000a1d00000, 0x00000000a1e00000, 0x00000000a1e00000|100%| O|  |TAMS 0x00000000a1d00000| PB 0x00000000a1d00000| Untracked 
|  30|0x00000000a1e00000, 0x00000000a1f00000, 0x00000000a1f00000|100%| O|  |TAMS 0x00000000a1e00000| PB 0x00000000a1e00000| Untracked 
|  31|0x00000000a1f00000, 0x00000000a2000000, 0x00000000a2000000|100%| O|  |TAMS 0x00000000a1f00000| PB 0x00000000a1f00000| Untracked 
|  32|0x00000000a2000000, 0x00000000a2100000, 0x00000000a2100000|100%| O|  |TAMS 0x00000000a2000000| PB 0x00000000a2000000| Untracked 
|  33|0x00000000a2100000, 0x00000000a2200000, 0x00000000a2200000|100%| O|  |TAMS 0x00000000a2100000| PB 0x00000000a2100000| Untracked 
|  34|0x00000000a2200000, 0x00000000a2300000, 0x00000000a2300000|100%| O|  |TAMS 0x00000000a2200000| PB 0x00000000a2200000| Untracked 
|  35|0x00000000a2300000, 0x00000000a2400000, 0x00000000a2400000|100%| O|  |TAMS 0x00000000a2300000| PB 0x00000000a2300000| Untracked 
|  36|0x00000000a2400000, 0x00000000a2500000, 0x00000000a2500000|100%| O|  |TAMS 0x00000000a2400000| PB 0x00000000a2400000| Untracked 
|  37|0x00000000a2500000, 0x00000000a2600000, 0x00000000a2600000|100%| O|  |TAMS 0x00000000a2500000| PB 0x00000000a2500000| Untracked 
|  38|0x00000000a2600000, 0x00000000a2700000, 0x00000000a2700000|100%| O|  |TAMS 0x00000000a2600000| PB 0x00000000a2600000| Untracked 
|  39|0x00000000a2700000, 0x00000000a2800000, 0x00000000a2800000|100%| O|  |TAMS 0x00000000a2700000| PB 0x00000000a2700000| Untracked 
|  40|0x00000000a2800000, 0x00000000a2900000, 0x00000000a2900000|100%| O|  |TAMS 0x00000000a2800000| PB 0x00000000a2800000| Untracked 
|  41|0x00000000a2900000, 0x00000000a2a00000, 0x00000000a2a00000|100%| O|  |TAMS 0x00000000a2900000| PB 0x00000000a2900000| Untracked 
|  42|0x00000000a2a00000, 0x00000000a2b00000, 0x00000000a2b00000|100%| O|  |TAMS 0x00000000a2a00000| PB 0x00000000a2a00000| Untracked 
|  43|0x00000000a2b00000, 0x00000000a2c00000, 0x00000000a2c00000|100%|HS|  |TAMS 0x00000000a2b00000| PB 0x00000000a2b00000| Complete 
|  44|0x00000000a2c00000, 0x00000000a2d00000, 0x00000000a2d00000|100%|HS|  |TAMS 0x00000000a2c00000| PB 0x00000000a2c00000| Complete 
|  45|0x00000000a2d00000, 0x00000000a2e00000, 0x00000000a2e00000|100%|HS|  |TAMS 0x00000000a2d00000| PB 0x00000000a2d00000| Complete 
|  46|0x00000000a2e00000, 0x00000000a2f00000, 0x00000000a2f00000|100%|HS|  |TAMS 0x00000000a2e00000| PB 0x00000000a2e00000| Complete 
|  47|0x00000000a2f00000, 0x00000000a3000000, 0x00000000a3000000|100%| O|  |TAMS 0x00000000a2f00000| PB 0x00000000a2f00000| Untracked 
|  48|0x00000000a3000000, 0x00000000a3100000, 0x00000000a3100000|100%| O|  |TAMS 0x00000000a3000000| PB 0x00000000a3000000| Untracked 
|  49|0x00000000a3100000, 0x00000000a3200000, 0x00000000a3200000|100%| O|  |TAMS 0x00000000a3100000| PB 0x00000000a3100000| Untracked 
|  50|0x00000000a3200000, 0x00000000a3300000, 0x00000000a3300000|100%|HS|  |TAMS 0x00000000a3200000| PB 0x00000000a3200000| Complete 
|  51|0x00000000a3300000, 0x00000000a3400000, 0x00000000a3400000|100%|HS|  |TAMS 0x00000000a3300000| PB 0x00000000a3300000| Complete 
|  52|0x00000000a3400000, 0x00000000a3500000, 0x00000000a3500000|100%| O|  |TAMS 0x00000000a3400000| PB 0x00000000a3400000| Untracked 
|  53|0x00000000a3500000, 0x00000000a3600000, 0x00000000a3600000|100%| O|  |TAMS 0x00000000a3500000| PB 0x00000000a3500000| Untracked 
|  54|0x00000000a3600000, 0x00000000a3700000, 0x00000000a3700000|100%| O|  |TAMS 0x00000000a3600000| PB 0x00000000a3600000| Untracked 
|  55|0x00000000a3700000, 0x00000000a3800000, 0x00000000a3800000|100%| O|  |TAMS 0x00000000a3700000| PB 0x00000000a3700000| Untracked 
|  56|0x00000000a3800000, 0x00000000a3900000, 0x00000000a3900000|100%| O|  |TAMS 0x00000000a3800000| PB 0x00000000a3800000| Untracked 
|  57|0x00000000a3900000, 0x00000000a3a00000, 0x00000000a3a00000|100%| O|  |TAMS 0x00000000a3900000| PB 0x00000000a3900000| Untracked 
|  58|0x00000000a3a00000, 0x00000000a3b00000, 0x00000000a3b00000|100%| O|  |TAMS 0x00000000a3a00000| PB 0x00000000a3a00000| Untracked 
|  59|0x00000000a3b00000, 0x00000000a3c00000, 0x00000000a3c00000|100%|HS|  |TAMS 0x00000000a3b00000| PB 0x00000000a3b00000| Complete 
|  60|0x00000000a3c00000, 0x00000000a3d00000, 0x00000000a3d00000|100%| O|  |TAMS 0x00000000a3c00000| PB 0x00000000a3c00000| Untracked 
|  61|0x00000000a3d00000, 0x00000000a3e00000, 0x00000000a3e00000|100%| O|  |TAMS 0x00000000a3d00000| PB 0x00000000a3d00000| Untracked 
|  62|0x00000000a3e00000, 0x00000000a3f00000, 0x00000000a3f00000|100%| O|  |TAMS 0x00000000a3e00000| PB 0x00000000a3e00000| Untracked 
|  63|0x00000000a3f00000, 0x00000000a4000000, 0x00000000a4000000|100%| O|  |TAMS 0x00000000a3f00000| PB 0x00000000a3f00000| Untracked 
|  64|0x00000000a4000000, 0x00000000a4100000, 0x00000000a4100000|100%| O|  |TAMS 0x00000000a4000000| PB 0x00000000a4000000| Untracked 
|  65|0x00000000a4100000, 0x00000000a4200000, 0x00000000a4200000|100%| O|  |TAMS 0x00000000a4100000| PB 0x00000000a4100000| Untracked 
|  66|0x00000000a4200000, 0x00000000a4300000, 0x00000000a4300000|100%| O|  |TAMS 0x00000000a4200000| PB 0x00000000a4200000| Untracked 
|  67|0x00000000a4300000, 0x00000000a4400000, 0x00000000a4400000|100%| O|  |TAMS 0x00000000a4300000| PB 0x00000000a4300000| Untracked 
|  68|0x00000000a4400000, 0x00000000a4500000, 0x00000000a4500000|100%| O|  |TAMS 0x00000000a4400000| PB 0x00000000a4400000| Untracked 
|  69|0x00000000a4500000, 0x00000000a4600000, 0x00000000a4600000|100%| O|  |TAMS 0x00000000a4500000| PB 0x00000000a4500000| Untracked 
|  70|0x00000000a4600000, 0x00000000a4700000, 0x00000000a4700000|100%| O|  |TAMS 0x00000000a4600000| PB 0x00000000a4600000| Untracked 
|  71|0x00000000a4700000, 0x00000000a4800000, 0x00000000a4800000|100%| O|  |TAMS 0x00000000a4700000| PB 0x00000000a4700000| Untracked 
|  72|0x00000000a4800000, 0x00000000a4900000, 0x00000000a4900000|100%| O|  |TAMS 0x00000000a4800000| PB 0x00000000a4800000| Untracked 
|  73|0x00000000a4900000, 0x00000000a4a00000, 0x00000000a4a00000|100%| O|  |TAMS 0x00000000a4900000| PB 0x00000000a4900000| Untracked 
|  74|0x00000000a4a00000, 0x00000000a4b00000, 0x00000000a4b00000|100%| O|  |TAMS 0x00000000a4a00000| PB 0x00000000a4a00000| Untracked 
|  75|0x00000000a4b00000, 0x00000000a4c00000, 0x00000000a4c00000|100%| O|  |TAMS 0x00000000a4b00000| PB 0x00000000a4b00000| Untracked 
|  76|0x00000000a4c00000, 0x00000000a4d00000, 0x00000000a4d00000|100%| O|  |TAMS 0x00000000a4c00000| PB 0x00000000a4c00000| Untracked 
|  77|0x00000000a4d00000, 0x00000000a4e00000, 0x00000000a4e00000|100%| O|  |TAMS 0x00000000a4d00000| PB 0x00000000a4d00000| Untracked 
|  78|0x00000000a4e00000, 0x00000000a4f00000, 0x00000000a4f00000|100%| O|  |TAMS 0x00000000a4e00000| PB 0x00000000a4e00000| Untracked 
|  79|0x00000000a4f00000, 0x00000000a5000000, 0x00000000a5000000|100%| O|  |TAMS 0x00000000a4f00000| PB 0x00000000a4f00000| Untracked 
|  80|0x00000000a5000000, 0x00000000a5100000, 0x00000000a5100000|100%| O|  |TAMS 0x00000000a5000000| PB 0x00000000a5000000| Untracked 
|  81|0x00000000a5100000, 0x00000000a5200000, 0x00000000a5200000|100%| O|  |TAMS 0x00000000a5100000| PB 0x00000000a5100000| Untracked 
|  82|0x00000000a5200000, 0x00000000a5300000, 0x00000000a5300000|100%| O|  |TAMS 0x00000000a5200000| PB 0x00000000a5200000| Untracked 
|  83|0x00000000a5300000, 0x00000000a5400000, 0x00000000a5400000|100%| O|  |TAMS 0x00000000a5300000| PB 0x00000000a5300000| Untracked 
|  84|0x00000000a5400000, 0x00000000a5500000, 0x00000000a5500000|100%| O|  |TAMS 0x00000000a5400000| PB 0x00000000a5400000| Untracked 
|  85|0x00000000a5500000, 0x00000000a5600000, 0x00000000a5600000|100%| O|  |TAMS 0x00000000a5500000| PB 0x00000000a5500000| Untracked 
|  86|0x00000000a5600000, 0x00000000a5600000, 0x00000000a5700000|  0%| F|  |TAMS 0x00000000a5600000| PB 0x00000000a5600000| Untracked 
|  87|0x00000000a5700000, 0x00000000a5800000, 0x00000000a5800000|100%| O|  |TAMS 0x00000000a5700000| PB 0x00000000a5700000| Untracked 
|  88|0x00000000a5800000, 0x00000000a5900000, 0x00000000a5900000|100%| O|  |TAMS 0x00000000a5800000| PB 0x00000000a5800000| Untracked 
|  89|0x00000000a5900000, 0x00000000a5a00000, 0x00000000a5a00000|100%| O|  |TAMS 0x00000000a5900000| PB 0x00000000a5900000| Untracked 
|  90|0x00000000a5a00000, 0x00000000a5b00000, 0x00000000a5b00000|100%| O|  |TAMS 0x00000000a5a00000| PB 0x00000000a5a00000| Untracked 
|  91|0x00000000a5b00000, 0x00000000a5c00000, 0x00000000a5c00000|100%| O|  |TAMS 0x00000000a5b00000| PB 0x00000000a5b00000| Untracked 
|  92|0x00000000a5c00000, 0x00000000a5d00000, 0x00000000a5d00000|100%|HS|  |TAMS 0x00000000a5c00000| PB 0x00000000a5c00000| Complete 
|  93|0x00000000a5d00000, 0x00000000a5e00000, 0x00000000a5e00000|100%| O|  |TAMS 0x00000000a5d00000| PB 0x00000000a5d00000| Untracked 
|  94|0x00000000a5e00000, 0x00000000a5f00000, 0x00000000a5f00000|100%| O|  |TAMS 0x00000000a5e00000| PB 0x00000000a5e00000| Untracked 
|  95|0x00000000a5f00000, 0x00000000a6000000, 0x00000000a6000000|100%| O|  |TAMS 0x00000000a5f00000| PB 0x00000000a5f00000| Untracked 
|  96|0x00000000a6000000, 0x00000000a6100000, 0x00000000a6100000|100%| O|  |TAMS 0x00000000a6000000| PB 0x00000000a6000000| Untracked 
|  97|0x00000000a6100000, 0x00000000a6200000, 0x00000000a6200000|100%| O|  |TAMS 0x00000000a6100000| PB 0x00000000a6100000| Untracked 
|  98|0x00000000a6200000, 0x00000000a6300000, 0x00000000a6300000|100%| O|  |TAMS 0x00000000a6200000| PB 0x00000000a6200000| Untracked 
|  99|0x00000000a6300000, 0x00000000a6300000, 0x00000000a6400000|  0%| F|  |TAMS 0x00000000a6300000| PB 0x00000000a6300000| Untracked 
| 100|0x00000000a6400000, 0x00000000a6500000, 0x00000000a6500000|100%| O|  |TAMS 0x00000000a6400000| PB 0x00000000a6400000| Untracked 
| 101|0x00000000a6500000, 0x00000000a6600000, 0x00000000a6600000|100%| O|  |TAMS 0x00000000a6500000| PB 0x00000000a6500000| Untracked 
| 102|0x00000000a6600000, 0x00000000a6700000, 0x00000000a6700000|100%| O|  |TAMS 0x00000000a6600000| PB 0x00000000a6600000| Untracked 
| 103|0x00000000a6700000, 0x00000000a6800000, 0x00000000a6800000|100%| O|  |TAMS 0x00000000a6700000| PB 0x00000000a6700000| Untracked 
| 104|0x00000000a6800000, 0x00000000a6900000, 0x00000000a6900000|100%| O|  |TAMS 0x00000000a6800000| PB 0x00000000a6800000| Untracked 
| 105|0x00000000a6900000, 0x00000000a6a00000, 0x00000000a6a00000|100%| O|  |TAMS 0x00000000a6900000| PB 0x00000000a6900000| Untracked 
| 106|0x00000000a6a00000, 0x00000000a6b00000, 0x00000000a6b00000|100%| O|  |TAMS 0x00000000a6a00000| PB 0x00000000a6a00000| Untracked 
| 107|0x00000000a6b00000, 0x00000000a6c00000, 0x00000000a6c00000|100%| O|  |TAMS 0x00000000a6b00000| PB 0x00000000a6b00000| Untracked 
| 108|0x00000000a6c00000, 0x00000000a6d00000, 0x00000000a6d00000|100%| O|  |TAMS 0x00000000a6c00000| PB 0x00000000a6c00000| Untracked 
| 109|0x00000000a6d00000, 0x00000000a6e00000, 0x00000000a6e00000|100%| O|  |TAMS 0x00000000a6d00000| PB 0x00000000a6d00000| Untracked 
| 110|0x00000000a6e00000, 0x00000000a6f00000, 0x00000000a6f00000|100%| O|  |TAMS 0x00000000a6e00000| PB 0x00000000a6e00000| Untracked 
| 111|0x00000000a6f00000, 0x00000000a7000000, 0x00000000a7000000|100%| O|  |TAMS 0x00000000a6f00000| PB 0x00000000a6f00000| Untracked 
| 112|0x00000000a7000000, 0x00000000a7100000, 0x00000000a7100000|100%| O|  |TAMS 0x00000000a7000000| PB 0x00000000a7000000| Untracked 
| 113|0x00000000a7100000, 0x00000000a7200000, 0x00000000a7200000|100%| O|  |TAMS 0x00000000a7100000| PB 0x00000000a7100000| Untracked 
| 114|0x00000000a7200000, 0x00000000a7300000, 0x00000000a7300000|100%| O|  |TAMS 0x00000000a7200000| PB 0x00000000a7200000| Untracked 
| 115|0x00000000a7300000, 0x00000000a73aaaf0, 0x00000000a7400000| 66%| O|  |TAMS 0x00000000a7300000| PB 0x00000000a7300000| Untracked 
| 116|0x00000000a7400000, 0x00000000a7400000, 0x00000000a7500000|  0%| F|  |TAMS 0x00000000a7400000| PB 0x00000000a7400000| Untracked 
| 117|0x00000000a7500000, 0x00000000a7500000, 0x00000000a7600000|  0%| F|  |TAMS 0x00000000a7500000| PB 0x00000000a7500000| Untracked 
| 118|0x00000000a7600000, 0x00000000a7635600, 0x00000000a7700000| 20%| S|CS|TAMS 0x00000000a7600000| PB 0x00000000a7600000| Complete 
| 119|0x00000000a7700000, 0x00000000a7800000, 0x00000000a7800000|100%| S|CS|TAMS 0x00000000a7700000| PB 0x00000000a7700000| Complete 
| 120|0x00000000a7800000, 0x00000000a7900000, 0x00000000a7900000|100%| S|CS|TAMS 0x00000000a7800000| PB 0x00000000a7800000| Complete 
| 121|0x00000000a7900000, 0x00000000a7a00000, 0x00000000a7a00000|100%| S|CS|TAMS 0x00000000a7900000| PB 0x00000000a7900000| Complete 
| 122|0x00000000a7a00000, 0x00000000a7b00000, 0x00000000a7b00000|100%| S|CS|TAMS 0x00000000a7a00000| PB 0x00000000a7a00000| Complete 
| 123|0x00000000a7b00000, 0x00000000a7c00000, 0x00000000a7c00000|100%| S|CS|TAMS 0x00000000a7b00000| PB 0x00000000a7b00000| Complete 
| 124|0x00000000a7c00000, 0x00000000a7c00000, 0x00000000a7d00000|  0%| F|  |TAMS 0x00000000a7c00000| PB 0x00000000a7c00000| Untracked 
| 125|0x00000000a7d00000, 0x00000000a7d00000, 0x00000000a7e00000|  0%| F|  |TAMS 0x00000000a7d00000| PB 0x00000000a7d00000| Untracked 
| 126|0x00000000a7e00000, 0x00000000a7e00000, 0x00000000a7f00000|  0%| F|  |TAMS 0x00000000a7e00000| PB 0x00000000a7e00000| Untracked 
| 127|0x00000000a7f00000, 0x00000000a7f00000, 0x00000000a8000000|  0%| F|  |TAMS 0x00000000a7f00000| PB 0x00000000a7f00000| Untracked 
| 128|0x00000000a8000000, 0x00000000a8000000, 0x00000000a8100000|  0%| F|  |TAMS 0x00000000a8000000| PB 0x00000000a8000000| Untracked 
| 129|0x00000000a8100000, 0x00000000a8100000, 0x00000000a8200000|  0%| F|  |TAMS 0x00000000a8100000| PB 0x00000000a8100000| Untracked 
| 130|0x00000000a8200000, 0x00000000a8200000, 0x00000000a8300000|  0%| F|  |TAMS 0x00000000a8200000| PB 0x00000000a8200000| Untracked 
| 131|0x00000000a8300000, 0x00000000a8300000, 0x00000000a8400000|  0%| F|  |TAMS 0x00000000a8300000| PB 0x00000000a8300000| Untracked 
| 132|0x00000000a8400000, 0x00000000a8400000, 0x00000000a8500000|  0%| F|  |TAMS 0x00000000a8400000| PB 0x00000000a8400000| Untracked 
| 133|0x00000000a8500000, 0x00000000a8500000, 0x00000000a8600000|  0%| F|  |TAMS 0x00000000a8500000| PB 0x00000000a8500000| Untracked 
| 134|0x00000000a8600000, 0x00000000a8600000, 0x00000000a8700000|  0%| F|  |TAMS 0x00000000a8600000| PB 0x00000000a8600000| Untracked 
| 135|0x00000000a8700000, 0x00000000a8700000, 0x00000000a8800000|  0%| F|  |TAMS 0x00000000a8700000| PB 0x00000000a8700000| Untracked 
| 136|0x00000000a8800000, 0x00000000a8800000, 0x00000000a8900000|  0%| F|  |TAMS 0x00000000a8800000| PB 0x00000000a8800000| Untracked 
| 137|0x00000000a8900000, 0x00000000a8900000, 0x00000000a8a00000|  0%| F|  |TAMS 0x00000000a8900000| PB 0x00000000a8900000| Untracked 
| 138|0x00000000a8a00000, 0x00000000a8a00000, 0x00000000a8b00000|  0%| F|  |TAMS 0x00000000a8a00000| PB 0x00000000a8a00000| Untracked 
| 139|0x00000000a8b00000, 0x00000000a8b00000, 0x00000000a8c00000|  0%| F|  |TAMS 0x00000000a8b00000| PB 0x00000000a8b00000| Untracked 
| 140|0x00000000a8c00000, 0x00000000a8c00000, 0x00000000a8d00000|  0%| F|  |TAMS 0x00000000a8c00000| PB 0x00000000a8c00000| Untracked 
| 141|0x00000000a8d00000, 0x00000000a8d00000, 0x00000000a8e00000|  0%| F|  |TAMS 0x00000000a8d00000| PB 0x00000000a8d00000| Untracked 
| 142|0x00000000a8e00000, 0x00000000a8e00000, 0x00000000a8f00000|  0%| F|  |TAMS 0x00000000a8e00000| PB 0x00000000a8e00000| Untracked 
| 143|0x00000000a8f00000, 0x00000000a8f00000, 0x00000000a9000000|  0%| F|  |TAMS 0x00000000a8f00000| PB 0x00000000a8f00000| Untracked 
| 144|0x00000000a9000000, 0x00000000a9000000, 0x00000000a9100000|  0%| F|  |TAMS 0x00000000a9000000| PB 0x00000000a9000000| Untracked 
| 145|0x00000000a9100000, 0x00000000a9100000, 0x00000000a9200000|  0%| F|  |TAMS 0x00000000a9100000| PB 0x00000000a9100000| Untracked 
| 146|0x00000000a9200000, 0x00000000a9200000, 0x00000000a9300000|  0%| F|  |TAMS 0x00000000a9200000| PB 0x00000000a9200000| Untracked 
| 147|0x00000000a9300000, 0x00000000a9300000, 0x00000000a9400000|  0%| F|  |TAMS 0x00000000a9300000| PB 0x00000000a9300000| Untracked 
| 148|0x00000000a9400000, 0x00000000a9400000, 0x00000000a9500000|  0%| F|  |TAMS 0x00000000a9400000| PB 0x00000000a9400000| Untracked 
| 149|0x00000000a9500000, 0x00000000a9500000, 0x00000000a9600000|  0%| F|  |TAMS 0x00000000a9500000| PB 0x00000000a9500000| Untracked 
| 150|0x00000000a9600000, 0x00000000a9600000, 0x00000000a9700000|  0%| F|  |TAMS 0x00000000a9600000| PB 0x00000000a9600000| Untracked 
| 151|0x00000000a9700000, 0x00000000a9700000, 0x00000000a9800000|  0%| F|  |TAMS 0x00000000a9700000| PB 0x00000000a9700000| Untracked 
| 152|0x00000000a9800000, 0x00000000a9800000, 0x00000000a9900000|  0%| F|  |TAMS 0x00000000a9800000| PB 0x00000000a9800000| Untracked 
| 153|0x00000000a9900000, 0x00000000a9900000, 0x00000000a9a00000|  0%| F|  |TAMS 0x00000000a9900000| PB 0x00000000a9900000| Untracked 
| 154|0x00000000a9a00000, 0x00000000a9a00000, 0x00000000a9b00000|  0%| F|  |TAMS 0x00000000a9a00000| PB 0x00000000a9a00000| Untracked 
| 155|0x00000000a9b00000, 0x00000000a9b00000, 0x00000000a9c00000|  0%| F|  |TAMS 0x00000000a9b00000| PB 0x00000000a9b00000| Untracked 
| 156|0x00000000a9c00000, 0x00000000a9c00000, 0x00000000a9d00000|  0%| F|  |TAMS 0x00000000a9c00000| PB 0x00000000a9c00000| Untracked 
| 157|0x00000000a9d00000, 0x00000000a9d00000, 0x00000000a9e00000|  0%| F|  |TAMS 0x00000000a9d00000| PB 0x00000000a9d00000| Untracked 
| 158|0x00000000a9e00000, 0x00000000a9e00000, 0x00000000a9f00000|  0%| F|  |TAMS 0x00000000a9e00000| PB 0x00000000a9e00000| Untracked 
| 159|0x00000000a9f00000, 0x00000000a9f00000, 0x00000000aa000000|  0%| F|  |TAMS 0x00000000a9f00000| PB 0x00000000a9f00000| Untracked 
| 160|0x00000000aa000000, 0x00000000aa000000, 0x00000000aa100000|  0%| F|  |TAMS 0x00000000aa000000| PB 0x00000000aa000000| Untracked 
| 161|0x00000000aa100000, 0x00000000aa100000, 0x00000000aa200000|  0%| F|  |TAMS 0x00000000aa100000| PB 0x00000000aa100000| Untracked 
| 162|0x00000000aa200000, 0x00000000aa200000, 0x00000000aa300000|  0%| F|  |TAMS 0x00000000aa200000| PB 0x00000000aa200000| Untracked 
| 163|0x00000000aa300000, 0x00000000aa32cee0, 0x00000000aa400000| 17%| E|  |TAMS 0x00000000aa300000| PB 0x00000000aa300000| Complete 
| 164|0x00000000aa400000, 0x00000000aa500000, 0x00000000aa500000|100%| E|CS|TAMS 0x00000000aa400000| PB 0x00000000aa400000| Complete 
| 165|0x00000000aa500000, 0x00000000aa600000, 0x00000000aa600000|100%| E|CS|TAMS 0x00000000aa500000| PB 0x00000000aa500000| Complete 
| 166|0x00000000aa600000, 0x00000000aa700000, 0x00000000aa700000|100%| E|CS|TAMS 0x00000000aa600000| PB 0x00000000aa600000| Complete 
| 167|0x00000000aa700000, 0x00000000aa800000, 0x00000000aa800000|100%| E|CS|TAMS 0x00000000aa700000| PB 0x00000000aa700000| Complete 
| 168|0x00000000aa800000, 0x00000000aa900000, 0x00000000aa900000|100%| E|CS|TAMS 0x00000000aa800000| PB 0x00000000aa800000| Complete 
| 169|0x00000000aa900000, 0x00000000aaa00000, 0x00000000aaa00000|100%| E|CS|TAMS 0x00000000aa900000| PB 0x00000000aa900000| Complete 
| 170|0x00000000aaa00000, 0x00000000aab00000, 0x00000000aab00000|100%| E|CS|TAMS 0x00000000aaa00000| PB 0x00000000aaa00000| Complete 
| 171|0x00000000aab00000, 0x00000000aac00000, 0x00000000aac00000|100%| E|CS|TAMS 0x00000000aab00000| PB 0x00000000aab00000| Complete 
| 172|0x00000000aac00000, 0x00000000aad00000, 0x00000000aad00000|100%| E|CS|TAMS 0x00000000aac00000| PB 0x00000000aac00000| Complete 
| 173|0x00000000aad00000, 0x00000000aae00000, 0x00000000aae00000|100%| E|CS|TAMS 0x00000000aad00000| PB 0x00000000aad00000| Complete 
| 174|0x00000000aae00000, 0x00000000aaf00000, 0x00000000aaf00000|100%| E|CS|TAMS 0x00000000aae00000| PB 0x00000000aae00000| Complete 
| 175|0x00000000aaf00000, 0x00000000ab000000, 0x00000000ab000000|100%| E|CS|TAMS 0x00000000aaf00000| PB 0x00000000aaf00000| Complete 
| 176|0x00000000ab000000, 0x00000000ab100000, 0x00000000ab100000|100%| E|CS|TAMS 0x00000000ab000000| PB 0x00000000ab000000| Complete 
|1528|0x00000000ff800000, 0x00000000ff900000, 0x00000000ff900000|100%| O|  |TAMS 0x00000000ff800000| PB 0x00000000ff800000| Untracked 
|1529|0x00000000ff900000, 0x00000000ffa00000, 0x00000000ffa00000|100%| O|  |TAMS 0x00000000ff900000| PB 0x00000000ff900000| Untracked 
|1530|0x00000000ffa00000, 0x00000000ffb00000, 0x00000000ffb00000|100%| O|  |TAMS 0x00000000ffa00000| PB 0x00000000ffa00000| Untracked 
|1531|0x00000000ffb00000, 0x00000000ffc00000, 0x00000000ffc00000|100%| O|  |TAMS 0x00000000ffb00000| PB 0x00000000ffb00000| Untracked 
|1532|0x00000000ffc00000, 0x00000000ffd00000, 0x00000000ffd00000|100%| O|  |TAMS 0x00000000ffc00000| PB 0x00000000ffc00000| Untracked 
|1533|0x00000000ffd00000, 0x00000000ffe00000, 0x00000000ffe00000|100%| O|  |TAMS 0x00000000ffd00000| PB 0x00000000ffd00000| Untracked 
|1534|0x00000000ffe00000, 0x00000000fff00000, 0x00000000fff00000|100%| E|CS|TAMS 0x00000000ffe00000| PB 0x00000000ffe00000| Complete 
|1535|0x00000000fff00000, 0x0000000100000000, 0x0000000100000000|100%| O|  |TAMS 0x00000000fff00000| PB 0x00000000fff00000| Untracked 

Card table byte_map: [0x0000021aa0400000,0x0000021aa0700000] _byte_map_base: 0x0000021a9ff00000

Marking Bits: (CMBitMap*) 0x0000021a881dec90
 Bits: [0x0000021aa0700000, 0x0000021aa1f00000)

Polling page: 0x0000021a85f90000

Metaspace:

Usage:
  Non-class:     76.48 MB used.
      Class:     12.39 MB used.
       Both:     88.87 MB used.

Virtual space:
  Non-class space:      128.00 MB reserved,      77.69 MB ( 61%) committed,  2 nodes.
      Class space:        1.00 GB reserved,      13.56 MB (  1%) committed,  1 nodes.
             Both:        1.12 GB reserved,      91.25 MB (  8%) committed. 

Chunk freelists:
   Non-Class:  2.10 MB
       Class:  2.28 MB
        Both:  4.38 MB

MaxMetaspaceSize: unlimited
CompressedClassSpaceSize: 1.00 GB
Initial GC threshold: 21.00 MB
Current GC threshold: 149.69 MB
CDS: on
 - commit_granule_bytes: 65536.
 - commit_granule_words: 8192.
 - virtual_space_node_default_size: 8388608.
 - enlarge_chunks_in_place: 1.
 - use_allocation_guard: 0.


Internal statistics:

num_allocs_failed_limit: 9.
num_arena_births: 4212.
num_arena_deaths: 0.
num_vsnodes_births: 3.
num_vsnodes_deaths: 0.
num_space_committed: 1460.
num_space_uncommitted: 0.
num_chunks_returned_to_freelist: 9.
num_chunks_taken_from_freelist: 8711.
num_chunk_merges: 9.
num_chunk_splits: 5566.
num_chunks_enlarged: 3385.
num_inconsistent_stats: 0.

CodeHeap 'non-profiled nmethods': size=119168Kb used=8174Kb max_used=8174Kb free=110993Kb
 bounds [0x0000021a98420000, 0x0000021a98c20000, 0x0000021a9f880000]
CodeHeap 'profiled nmethods': size=119104Kb used=24831Kb max_used=24831Kb free=94272Kb
 bounds [0x0000021a90880000, 0x0000021a920c0000, 0x0000021a97cd0000]
CodeHeap 'non-nmethods': size=7488Kb used=3436Kb max_used=4601Kb free=4051Kb
 bounds [0x0000021a97cd0000, 0x0000021a98160000, 0x0000021a98420000]
 total_blobs=13992 nmethods=13018 adapters=877
 compilation: enabled
              stopped_count=0, restarted_count=0
 full_count=0

Compilation events (20 events):
Event: 70.337 Thread 0x0000021aa4ec0d60 15344       3       org.gradle.api.internal.provider.sources.GradlePropertyValueSource$Parameters$Inject::getPropertyName (34 bytes)
Event: 70.337 Thread 0x0000021aec2b1100 15345       3       org.gradle.initialization.DefaultGradlePropertiesController$SharedGradleProperties::find (11 bytes)
Event: 70.337 Thread 0x0000021aec2b2570 15346       3       org.gradle.initialization.DefaultGradleProperties::find (11 bytes)
Event: 70.337 Thread 0x0000021aec2b2570 nmethod 15346 0x0000021a920a5810 code [0x0000021a920a59c0, 0x0000021a920a5b98]
Event: 70.337 Thread 0x0000021aec2b1100 nmethod 15345 0x0000021a920a5c90 code [0x0000021a920a5e60, 0x0000021a920a6180]
Event: 70.337 Thread 0x0000021aa4ec0d60 nmethod 15344 0x0000021a920a6310 code [0x0000021a920a6500, 0x0000021a920a6900]
Event: 70.346 Thread 0x0000021aec2b2570 15347       1       org.gradle.api.internal.plugins.DefaultPluginManager::access$000 (5 bytes)
Event: 70.346 Thread 0x0000021aec2b2570 nmethod 15347 0x0000021a98c19890 code [0x0000021a98c19a20, 0x0000021a98c19ad0]
Event: 70.347 Thread 0x0000021aec2b2570 15348       3       org.gradle.api.internal.DefaultActionConfiguration::params (10 bytes)
Event: 70.348 Thread 0x0000021aec2b2570 nmethod 15348 0x0000021a920a6a90 code [0x0000021a920a6c40, 0x0000021a920a6d78]
Event: 70.366 Thread 0x0000021aec2b2570 15349       3       java.util.ImmutableCollections$AbstractImmutableList::iterator (13 bytes)
Event: 70.366 Thread 0x0000021aec2b1100 15350       3       java.util.ImmutableCollections$ListItr::<init> (25 bytes)
Event: 70.366 Thread 0x0000021aec2b1100 nmethod 15350 0x0000021a920a6e10 code [0x0000021a920a6fc0, 0x0000021a920a7198]
Event: 70.366 Thread 0x0000021aec2b2570 nmethod 15349 0x0000021a920a7290 code [0x0000021a920a7460, 0x0000021a920a77d0]
Event: 70.426 Thread 0x0000021aec2b2570 15351       3       java.lang.AbstractStringBuilder::append (67 bytes)
Event: 70.427 Thread 0x0000021aec2b2570 nmethod 15351 0x0000021a920a7910 code [0x0000021a920a7b20, 0x0000021a920a81a0]
Event: 70.442 Thread 0x0000021aec2b2570 15352       1       com.android.build.gradle.internal.core.Abi::getTag (5 bytes)
Event: 70.442 Thread 0x0000021aec2b2570 nmethod 15352 0x0000021a98c19b90 code [0x0000021a98c19d20, 0x0000021a98c19de8]
Event: 70.466 Thread 0x0000021aec2b2570 15353       3       com.android.build.api.artifact.impl.ArtifactsImpl$3$1::<init> (14 bytes)
Event: 70.466 Thread 0x0000021aec2b2570 nmethod 15353 0x0000021a920a8390 code [0x0000021a920a8540, 0x0000021a920a86a8]

GC Heap History (20 events):
Event: 47.924 GC heap before
{Heap before GC invocations=38 (full 0):
 garbage-first heap   total 143360K, used 130338K [0x00000000a0000000, 0x0000000100000000)
  region size 1024K, 46 young (47104K), 5 survivors (5120K)
 Metaspace       used 77982K, committed 80256K, reserved 1179648K
  class space    used 10887K, committed 12032K, reserved 1048576K
}
Event: 47.932 GC heap after
{Heap after GC invocations=39 (full 0):
 garbage-first heap   total 143360K, used 91119K [0x00000000a0000000, 0x0000000100000000)
  region size 1024K, 4 young (4096K), 4 survivors (4096K)
 Metaspace       used 77982K, committed 80256K, reserved 1179648K
  class space    used 10887K, committed 12032K, reserved 1048576K
}
Event: 49.457 GC heap before
{Heap before GC invocations=39 (full 0):
 garbage-first heap   total 143360K, used 131055K [0x00000000a0000000, 0x0000000100000000)
  region size 1024K, 43 young (44032K), 4 survivors (4096K)
 Metaspace       used 78360K, committed 80704K, reserved 1179648K
  class space    used 10922K, committed 12096K, reserved 1048576K
}
Event: 49.463 GC heap after
{Heap after GC invocations=40 (full 0):
 garbage-first heap   total 143360K, used 94723K [0x00000000a0000000, 0x0000000100000000)
  region size 1024K, 6 young (6144K), 6 survivors (6144K)
 Metaspace       used 78360K, committed 80704K, reserved 1179648K
  class space    used 10922K, committed 12096K, reserved 1048576K
}
Event: 50.348 GC heap before
{Heap before GC invocations=41 (full 0):
 garbage-first heap   total 158720K, used 127491K [0x00000000a0000000, 0x0000000100000000)
  region size 1024K, 38 young (38912K), 6 survivors (6144K)
 Metaspace       used 78583K, committed 80960K, reserved 1179648K
  class space    used 10950K, committed 12096K, reserved 1048576K
}
Event: 50.354 GC heap after
{Heap after GC invocations=42 (full 0):
 garbage-first heap   total 158720K, used 97995K [0x00000000a0000000, 0x0000000100000000)
  region size 1024K, 3 young (3072K), 3 survivors (3072K)
 Metaspace       used 78583K, committed 80960K, reserved 1179648K
  class space    used 10950K, committed 12096K, reserved 1048576K
}
Event: 52.619 GC heap before
{Heap before GC invocations=42 (full 0):
 garbage-first heap   total 158720K, used 144075K [0x00000000a0000000, 0x0000000100000000)
  region size 1024K, 49 young (50176K), 3 survivors (3072K)
 Metaspace       used 80454K, committed 82816K, reserved 1179648K
  class space    used 11247K, committed 12416K, reserved 1048576K
}
Event: 52.626 GC heap after
{Heap after GC invocations=43 (full 0):
 garbage-first heap   total 158720K, used 102203K [0x00000000a0000000, 0x0000000100000000)
  region size 1024K, 7 young (7168K), 7 survivors (7168K)
 Metaspace       used 80454K, committed 82816K, reserved 1179648K
  class space    used 11247K, committed 12416K, reserved 1048576K
}
Event: 52.897 GC heap before
{Heap before GC invocations=43 (full 0):
 garbage-first heap   total 158720K, used 105275K [0x00000000a0000000, 0x0000000100000000)
  region size 1024K, 11 young (11264K), 7 survivors (7168K)
 Metaspace       used 80732K, committed 83136K, reserved 1179648K
  class space    used 11292K, committed 12480K, reserved 1048576K
}
Event: 52.904 GC heap after
{Heap after GC invocations=44 (full 0):
 garbage-first heap   total 158720K, used 103513K [0x00000000a0000000, 0x0000000100000000)
  region size 1024K, 2 young (2048K), 2 survivors (2048K)
 Metaspace       used 80732K, committed 83136K, reserved 1179648K
  class space    used 11292K, committed 12480K, reserved 1048576K
}
Event: 55.157 GC heap before
{Heap before GC invocations=45 (full 0):
 garbage-first heap   total 176128K, used 145497K [0x00000000a0000000, 0x0000000100000000)
  region size 1024K, 43 young (44032K), 2 survivors (2048K)
 Metaspace       used 83203K, committed 85632K, reserved 1179648K
  class space    used 11632K, committed 12800K, reserved 1048576K
}
Event: 55.160 GC heap after
{Heap after GC invocations=46 (full 0):
 garbage-first heap   total 176128K, used 105971K [0x00000000a0000000, 0x0000000100000000)
  region size 1024K, 3 young (3072K), 3 survivors (3072K)
 Metaspace       used 83203K, committed 85632K, reserved 1179648K
  class space    used 11632K, committed 12800K, reserved 1048576K
}
Event: 57.272 GC heap before
{Heap before GC invocations=46 (full 0):
 garbage-first heap   total 176128K, used 162291K [0x00000000a0000000, 0x0000000100000000)
  region size 1024K, 58 young (59392K), 3 survivors (3072K)
 Metaspace       used 86859K, committed 89280K, reserved 1179648K
  class space    used 12142K, committed 13312K, reserved 1048576K
}
Event: 57.278 GC heap after
{Heap after GC invocations=47 (full 0):
 garbage-first heap   total 176128K, used 108969K [0x00000000a0000000, 0x0000000100000000)
  region size 1024K, 6 young (6144K), 6 survivors (6144K)
 Metaspace       used 86859K, committed 89280K, reserved 1179648K
  class space    used 12142K, committed 13312K, reserved 1048576K
}
Event: 58.630 GC heap before
{Heap before GC invocations=47 (full 0):
 garbage-first heap   total 176128K, used 159145K [0x00000000a0000000, 0x0000000100000000)
  region size 1024K, 55 young (56320K), 6 survivors (6144K)
 Metaspace       used 89568K, committed 91968K, reserved 1179648K
  class space    used 12504K, committed 13696K, reserved 1048576K
}
Event: 58.637 GC heap after
{Heap after GC invocations=48 (full 0):
 garbage-first heap   total 176128K, used 113332K [0x00000000a0000000, 0x0000000100000000)
  region size 1024K, 7 young (7168K), 7 survivors (7168K)
 Metaspace       used 89568K, committed 91968K, reserved 1179648K
  class space    used 12504K, committed 13696K, reserved 1048576K
}
Event: 60.517 GC heap before
{Heap before GC invocations=49 (full 0):
 garbage-first heap   total 189440K, used 158388K [0x00000000a0000000, 0x0000000100000000)
  region size 1024K, 51 young (52224K), 7 survivors (7168K)
 Metaspace       used 89756K, committed 92160K, reserved 1179648K
  class space    used 12519K, committed 13696K, reserved 1048576K
}
Event: 60.528 GC heap after
{Heap after GC invocations=50 (full 0):
 garbage-first heap   total 189440K, used 123136K [0x00000000a0000000, 0x0000000100000000)
  region size 1024K, 7 young (7168K), 7 survivors (7168K)
 Metaspace       used 89756K, committed 92160K, reserved 1179648K
  class space    used 12519K, committed 13696K, reserved 1048576K
}
Event: 69.993 GC heap before
{Heap before GC invocations=50 (full 0):
 garbage-first heap   total 189440K, used 171264K [0x00000000a0000000, 0x0000000100000000)
  region size 1024K, 54 young (55296K), 7 survivors (7168K)
 Metaspace       used 90910K, committed 93376K, reserved 1179648K
  class space    used 12682K, committed 13888K, reserved 1048576K
}
Event: 70.003 GC heap after
{Heap after GC invocations=51 (full 0):
 garbage-first heap   total 189440K, used 128896K [0x00000000a0000000, 0x0000000100000000)
  region size 1024K, 6 young (6144K), 6 survivors (6144K)
 Metaspace       used 90910K, committed 93376K, reserved 1179648K
  class space    used 12682K, committed 13888K, reserved 1048576K
}

Dll operation events (15 events):
Event: 0.040 Loaded shared library C:\Users\USUARIO\AppData\Roaming\Code\User\globalStorage\pleiades.java-extension-pack-jdk\java\21\bin\java.dll
Event: 0.964 Loaded shared library C:\Users\USUARIO\AppData\Roaming\Code\User\globalStorage\pleiades.java-extension-pack-jdk\java\21\bin\jsvml.dll
Event: 1.072 Loaded shared library C:\Users\USUARIO\AppData\Roaming\Code\User\globalStorage\pleiades.java-extension-pack-jdk\java\21\bin\zip.dll
Event: 1.084 Loaded shared library C:\Users\USUARIO\AppData\Roaming\Code\User\globalStorage\pleiades.java-extension-pack-jdk\java\21\bin\instrument.dll
Event: 1.098 Loaded shared library C:\Users\USUARIO\AppData\Roaming\Code\User\globalStorage\pleiades.java-extension-pack-jdk\java\21\bin\net.dll
Event: 1.104 Loaded shared library C:\Users\USUARIO\AppData\Roaming\Code\User\globalStorage\pleiades.java-extension-pack-jdk\java\21\bin\nio.dll
Event: 1.113 Loaded shared library C:\Users\USUARIO\AppData\Roaming\Code\User\globalStorage\pleiades.java-extension-pack-jdk\java\21\bin\zip.dll
Event: 1.868 Loaded shared library C:\Users\USUARIO\AppData\Roaming\Code\User\globalStorage\pleiades.java-extension-pack-jdk\java\21\bin\jimage.dll
Event: 2.410 Loaded shared library C:\Users\USUARIO\AppData\Roaming\Code\User\globalStorage\pleiades.java-extension-pack-jdk\java\21\bin\verify.dll
Event: 3.369 Loaded shared library C:\Users\USUARIO\.gradle\native\c067742578af261105cb4f569cf0c3c89f3d7b1fecec35dd04571415982c5e48\windows-amd64\native-platform.dll
Event: 3.393 Loaded shared library C:\Users\USUARIO\.gradle\native\100fb08df4bc3b14c8652ba06237920a3bd2aa13389f12d3474272988ae205f9\windows-amd64\native-platform-file-events.dll
Event: 5.425 Loaded shared library C:\Users\USUARIO\AppData\Roaming\Code\User\globalStorage\pleiades.java-extension-pack-jdk\java\21\bin\management.dll
Event: 5.433 Loaded shared library C:\Users\USUARIO\AppData\Roaming\Code\User\globalStorage\pleiades.java-extension-pack-jdk\java\21\bin\management_ext.dll
Event: 5.895 Loaded shared library C:\Users\USUARIO\AppData\Roaming\Code\User\globalStorage\pleiades.java-extension-pack-jdk\java\21\bin\extnet.dll
Event: 6.223 Loaded shared library C:\Users\USUARIO\AppData\Roaming\Code\User\globalStorage\pleiades.java-extension-pack-jdk\java\21\bin\sunmscapi.dll

Deoptimization events (20 events):
Event: 69.986 Thread 0x0000021af0d242a0 Uncommon trap: trap_request=0xffffff45 fr.pc=0x0000021a98a01e4c relative=0x0000000000000eac
Event: 69.986 Thread 0x0000021af0d242a0 Uncommon trap: reason=unstable_if action=reinterpret pc=0x0000021a98a01e4c method=java.util.concurrent.ConcurrentHashMap.putVal(Ljava/lang/Object;Ljava/lang/Object;Z)Ljava/lang/Object; @ 197 c2
Event: 69.986 Thread 0x0000021af0d242a0 DEOPT PACKING pc=0x0000021a98a01e4c sp=0x00000090b5bfe1b0
Event: 69.986 Thread 0x0000021af0d242a0 DEOPT UNPACKING pc=0x0000021a97d246a2 sp=0x00000090b5bfe130 mode 2
Event: 70.075 Thread 0x0000021aea634980 Uncommon trap: trap_request=0xffffff45 fr.pc=0x0000021a9858f3f4 relative=0x0000000000001214
Event: 70.075 Thread 0x0000021aea634980 Uncommon trap: reason=unstable_if action=reinterpret pc=0x0000021a9858f3f4 method=groovy.lang.MetaClassImpl.checkIfStdMethod(Lgroovy/lang/MetaMethod;)V @ 55 c2
Event: 70.075 Thread 0x0000021aea634980 DEOPT PACKING pc=0x0000021a9858f3f4 sp=0x00000090b20f8240
Event: 70.075 Thread 0x0000021aea634980 DEOPT UNPACKING pc=0x0000021a97d246a2 sp=0x00000090b20f81b0 mode 2
Event: 70.075 Thread 0x0000021aea634980 Uncommon trap: trap_request=0xffffff45 fr.pc=0x0000021a9858c8b4 relative=0x0000000000000a34
Event: 70.075 Thread 0x0000021aea634980 Uncommon trap: reason=unstable_if action=reinterpret pc=0x0000021a9858c8b4 method=groovy.lang.MetaClassImpl.checkIfStdMethod(Lgroovy/lang/MetaMethod;)V @ 55 c2
Event: 70.075 Thread 0x0000021aea634980 DEOPT PACKING pc=0x0000021a9858c8b4 sp=0x00000090b20f81e0
Event: 70.075 Thread 0x0000021aea634980 DEOPT UNPACKING pc=0x0000021a97d246a2 sp=0x00000090b20f81a8 mode 2
Event: 70.166 Thread 0x0000021aea634980 Uncommon trap: trap_request=0xffffff45 fr.pc=0x0000021a98a3493c relative=0x000000000000039c
Event: 70.166 Thread 0x0000021aea634980 Uncommon trap: reason=unstable_if action=reinterpret pc=0x0000021a98a3493c method=com.android.build.gradle.options.ProjectOptions$OptionValue.getValue()Lorg/gradle/api/provider/Provider; @ 4 c2
Event: 70.166 Thread 0x0000021aea634980 DEOPT PACKING pc=0x0000021a98a3493c sp=0x00000090b20f8410
Event: 70.166 Thread 0x0000021aea634980 DEOPT UNPACKING pc=0x0000021a97d246a2 sp=0x00000090b20f8368 mode 2
Event: 70.348 Thread 0x0000021aea634980 Uncommon trap: trap_request=0xffffff76 fr.pc=0x0000021a98c15a5c relative=0x0000000000000c7c
Event: 70.348 Thread 0x0000021aea634980 Uncommon trap: reason=predicate action=maybe_recompile pc=0x0000021a98c15a5c method=com.google.common.collect.RegularImmutableMap.fromEntryArrayCheckingBucketOverflow(I[Ljava/util/Map$Entry;Z)Lcom/google/common/collect/ImmutableMap; @ 50 c2
Event: 70.348 Thread 0x0000021aea634980 DEOPT PACKING pc=0x0000021a98c15a5c sp=0x00000090b20f73c0
Event: 70.348 Thread 0x0000021aea634980 DEOPT UNPACKING pc=0x0000021a97d246a2 sp=0x00000090b20f7368 mode 2

Classes loaded (20 events):
Event: 57.384 Loading class javax/crypto/ProviderVerifier
Event: 57.385 Loading class javax/crypto/ProviderVerifier done
Event: 57.501 Loading class java/security/cert/CertificateEncodingException
Event: 57.501 Loading class java/security/cert/CertificateEncodingException done
Event: 60.580 Loading class java/text/MessageFormat
Event: 60.582 Loading class java/text/MessageFormat done
Event: 60.583 Loading class java/text/MessageFormat$Field
Event: 60.585 Loading class java/text/MessageFormat$Field done
Event: 60.618 Loading class java/io/FileReader
Event: 60.619 Loading class java/io/FileReader done
Event: 61.394 Loading class java/net/UrlDeserializedState
Event: 61.394 Loading class java/net/UrlDeserializedState done
Event: 61.395 Loading class java/net/Proxy
Event: 61.397 Loading class java/net/Proxy done
Event: 61.689 Loading class java/time/Instant$1
Event: 61.690 Loading class java/time/Instant$1 done
Event: 61.845 Loading class java/util/concurrent/CompletableFuture$AsyncRun
Event: 61.848 Loading class java/util/concurrent/CompletableFuture$AsyncRun done
Event: 68.678 Loading class jdk/internal/math/FormattedFPDecimal
Event: 68.679 Loading class jdk/internal/math/FormattedFPDecimal done

Classes unloaded (0 events):
No events

Classes redefined (0 events):
No events

Internal exceptions (20 events):
Event: 61.576 Thread 0x0000021aea634980 Exception <a 'java/lang/IncompatibleClassChangeError'{0x00000000aa629958}: Found class java.lang.Object, but interface was expected> (0x00000000aa629958) 
thrown [s\src\hotspot\share\interpreter\linkResolver.cpp, line 840]
Event: 61.637 Thread 0x0000021aea634980 Implicit null exception at 0x0000021a988a0b96 to 0x0000021a988a23bc
Event: 61.637 Thread 0x0000021aea634980 Implicit null exception at 0x0000021a98a46144 to 0x0000021a98a472f0
Event: 61.643 Thread 0x0000021aea634980 Exception <a 'java/lang/IncompatibleClassChangeError'{0x00000000aa670330}: Found class java.lang.Object, but interface was expected> (0x00000000aa670330) 
thrown [s\src\hotspot\share\interpreter\linkResolver.cpp, line 840]
Event: 61.705 Thread 0x0000021aea634980 Implicit null exception at 0x0000021a9898f8bd to 0x0000021a9898f91c
Event: 61.705 Thread 0x0000021aea634980 Implicit null exception at 0x0000021a98a9528d to 0x0000021a98a959e8
Event: 68.725 Thread 0x0000021aea634980 Implicit null exception at 0x0000021a989a4309 to 0x0000021a989a5fc8
Event: 69.106 Thread 0x0000021aea634980 Exception <a 'java/lang/ClassNotFoundException'{0x00000000a9a3f7d0}: init_9qlz10ouclg0r30kur937clutBeanInfo> (0x00000000a9a3f7d0) 
thrown [s\src\hotspot\share\classfile\systemDictionary.cpp, line 312]
Event: 69.108 Thread 0x0000021aea634980 Exception <a 'java/lang/ClassNotFoundException'{0x00000000a9a45528}: init_9qlz10ouclg0r30kur937clutCustomizer> (0x00000000a9a45528) 
thrown [s\src\hotspot\share\classfile\systemDictionary.cpp, line 312]
Event: 69.150 Thread 0x0000021aea634980 Exception <a 'sun/nio/fs/WindowsException'{0x00000000a9a7dd10}> (0x00000000a9a7dd10) 
thrown [s\src\hotspot\share\prims\jni.cpp, line 520]
Event: 69.152 Thread 0x0000021aea634980 Exception <a 'sun/nio/fs/WindowsException'{0x00000000a9a7f1f0}> (0x00000000a9a7f1f0) 
thrown [s\src\hotspot\share\prims\jni.cpp, line 520]
Event: 69.153 Thread 0x0000021aea634980 Exception <a 'sun/nio/fs/WindowsException'{0x00000000a9a80930}> (0x00000000a9a80930) 
thrown [s\src\hotspot\share\prims\jni.cpp, line 520]
Event: 69.154 Thread 0x0000021aea634980 Exception <a 'sun/nio/fs/WindowsException'{0x00000000a9a81a08}> (0x00000000a9a81a08) 
thrown [s\src\hotspot\share\prims\jni.cpp, line 520]
Event: 70.067 Thread 0x0000021aea634980 Exception <a 'java/lang/ClassNotFoundException'{0x00000000aaf836a8}: GradleAnnotationProcessorPatchPluginBeanInfo> (0x00000000aaf836a8) 
thrown [s\src\hotspot\share\classfile\systemDictionary.cpp, line 312]
Event: 70.068 Thread 0x0000021aea634980 Exception <a 'java/lang/ClassNotFoundException'{0x00000000aaf8d838}: GradleAnnotationProcessorPatchPluginCustomizer> (0x00000000aaf8d838) 
thrown [s\src\hotspot\share\classfile\systemDictionary.cpp, line 312]
Event: 70.076 Thread 0x0000021aea634980 Exception <a 'java/lang/ClassNotFoundException'{0x00000000aae656b8}: GradleAnnotationProcessorPatchPlugin$AnnotationProcessorModelBuilderBeanInfo> (0x00000000aae656b8) 
thrown [s\src\hotspot\share\classfile\systemDictionary.cpp, line 312]
Event: 70.077 Thread 0x0000021aea634980 Exception <a 'java/lang/ClassNotFoundException'{0x00000000aae6fa88}: GradleAnnotationProcessorPatchPlugin$AnnotationProcessorModelBuilderCustomizer> (0x00000000aae6fa88) 
thrown [s\src\hotspot\share\classfile\systemDictionary.cpp, line 312]
Event: 70.093 Thread 0x0000021aea634980 Exception <a 'java/lang/ClassNotFoundException'{0x00000000aaed1670}: org/gradle/tooling/provider/model/internal/DefaultToolingModelBuilderRegistryBeanInfo> (0x00000000aaed1670) 
thrown [s\src\hotspot\share\classfile\systemDictionary.cpp, line 312]
Event: 70.095 Thread 0x0000021aea634980 Exception <a 'java/lang/ClassNotFoundException'{0x00000000aad46d48}: org/gradle/tooling/provider/model/internal/DefaultToolingModelBuilderRegistryCustomizer> (0x00000000aad46d48) 
thrown [s\src\hotspot\share\classfile\systemDictionary.cpp, line 312]
Event: 70.166 Thread 0x0000021aea634980 Implicit null exception at 0x0000021a98a34675 to 0x0000021a98a3492c

ZGC Phase Switch (0 events):
No events

VM Operations (20 events):
Event: 60.528 Executing VM operation: G1CollectForAllocation (G1 Evacuation Pause) done
Event: 60.624 Executing VM operation: HandshakeAllThreads (Deoptimize)
Event: 60.625 Executing VM operation: HandshakeAllThreads (Deoptimize) done
Event: 61.253 Executing VM operation: HandshakeAllThreads (Deoptimize)
Event: 61.253 Executing VM operation: HandshakeAllThreads (Deoptimize) done
Event: 61.310 Executing VM operation: HandshakeAllThreads (Deoptimize)
Event: 61.310 Executing VM operation: HandshakeAllThreads (Deoptimize) done
Event: 61.536 Executing VM operation: HandshakeAllThreads (Deoptimize)
Event: 61.537 Executing VM operation: HandshakeAllThreads (Deoptimize) done
Event: 61.537 Executing VM operation: Cleanup
Event: 61.537 Executing VM operation: Cleanup done
Event: 62.543 Executing VM operation: Cleanup
Event: 62.543 Executing VM operation: Cleanup done
Event: 64.562 Executing VM operation: Cleanup
Event: 64.562 Executing VM operation: Cleanup done
Event: 69.426 Executing VM operation: ICBufferFull
Event: 69.426 Executing VM operation: ICBufferFull done
Event: 69.993 Executing VM operation: G1CollectForAllocation (G1 Evacuation Pause)
Event: 70.003 Executing VM operation: G1CollectForAllocation (G1 Evacuation Pause) done
Event: 71.013 Executing VM operation: Cleanup

Memory protections (0 events):
No events

Nmethod flushes (20 events):
Event: 58.737 Thread 0x0000021aa4e8fd90 flushing  nmethod 0x0000021a9149d910
Event: 58.737 Thread 0x0000021aa4e8fd90 flushing  nmethod 0x0000021a914a4510
Event: 58.737 Thread 0x0000021aa4e8fd90 flushing  nmethod 0x0000021a914a4d10
Event: 58.737 Thread 0x0000021aa4e8fd90 flushing  nmethod 0x0000021a914a5090
Event: 58.737 Thread 0x0000021aa4e8fd90 flushing  nmethod 0x0000021a914a5810
Event: 58.737 Thread 0x0000021aa4e8fd90 flushing  nmethod 0x0000021a916b0b90
Event: 58.737 Thread 0x0000021aa4e8fd90 flushing  nmethod 0x0000021a917ac490
Event: 58.737 Thread 0x0000021aa4e8fd90 flushing  nmethod 0x0000021a90baa490
Event: 58.737 Thread 0x0000021aa4e8fd90 flushing  nmethod 0x0000021a90d95090
Event: 58.737 Thread 0x0000021aa4e8fd90 flushing  nmethod 0x0000021a90d98210
Event: 58.737 Thread 0x0000021aa4e8fd90 flushing  nmethod 0x0000021a90e42a90
Event: 58.737 Thread 0x0000021aa4e8fd90 flushing  nmethod 0x0000021a91210d10
Event: 58.737 Thread 0x0000021aa4e8fd90 flushing  nmethod 0x0000021a913db490
Event: 58.737 Thread 0x0000021aa4e8fd90 flushing  nmethod 0x0000021a913fe810
Event: 58.737 Thread 0x0000021aa4e8fd90 flushing  nmethod 0x0000021a91429a90
Event: 58.737 Thread 0x0000021aa4e8fd90 flushing  nmethod 0x0000021a91454510
Event: 58.737 Thread 0x0000021aa4e8fd90 flushing  nmethod 0x0000021a91456d90
Event: 58.737 Thread 0x0000021aa4e8fd90 flushing  nmethod 0x0000021a91469390
Event: 58.737 Thread 0x0000021aa4e8fd90 flushing  nmethod 0x0000021a9148ba10
Event: 58.737 Thread 0x0000021aa4e8fd90 flushing  nmethod 0x0000021a91bda110

Events (20 events):
Event: 69.859 Thread 0x0000021aea634980 Thread added: 0x0000021af0d1fa70
Event: 69.859 Thread 0x0000021aea634980 Thread added: 0x0000021af0d1d310
Event: 69.860 Thread 0x0000021aea634980 Thread added: 0x0000021af0d1c5f0
Event: 69.860 Thread 0x0000021aea634980 Thread added: 0x0000021af0d21b40
Event: 69.975 Thread 0x0000021aea634980 Thread added: 0x0000021af0d221d0
Event: 69.975 Thread 0x0000021aea634980 Thread added: 0x0000021af0d22860
Event: 69.976 Thread 0x0000021aea634980 Thread added: 0x0000021af0d22ef0
Event: 69.977 Thread 0x0000021aea634980 Thread added: 0x0000021af0d23580
Event: 69.978 Thread 0x0000021aea634980 Thread added: 0x0000021af0d214b0
Event: 69.978 Thread 0x0000021aea634980 Thread added: 0x0000021af0d20100
Event: 69.979 Thread 0x0000021aea634980 Thread added: 0x0000021af0d23c10
Event: 69.979 Thread 0x0000021aea634980 Thread added: 0x0000021af0d20790
Event: 69.980 Thread 0x0000021aea634980 Thread added: 0x0000021af0d242a0
Event: 69.981 Thread 0x0000021aea634980 Thread added: 0x0000021af0d20e20
Event: 69.981 Thread 0x0000021aea634980 Thread added: 0x0000021af0d24930
Event: 69.982 Thread 0x0000021aea634980 Thread added: 0x0000021aed6c84e0
Event: 69.982 Thread 0x0000021aea634980 Thread added: 0x0000021aed6c9890
Event: 69.983 Thread 0x0000021aea634980 Thread added: 0x0000021aed6c6aa0
Event: 69.983 Thread 0x0000021aea634980 Thread added: 0x0000021aed6c7e50
Event: 70.294 Thread 0x0000021aec2b2570 Thread added: 0x0000021aec2b1100


Dynamic libraries:
0x00007ff670d30000 - 0x00007ff670d3e000 	C:\Users\USUARIO\AppData\Roaming\Code\User\globalStorage\pleiades.java-extension-pack-jdk\java\21\bin\java.exe
0x00007ffbc6e80000 - 0x00007ffbc70e6000 	C:\WINDOWS\SYSTEM32\ntdll.dll
0x00007ffb9e840000 - 0x00007ffb9e85b000 	C:\Program Files\AVG\Antivirus\aswhook.dll
0x00007ffbc5910000 - 0x00007ffbc59d9000 	C:\WINDOWS\System32\KERNEL32.DLL
0x00007ffbc4870000 - 0x00007ffbc4c3c000 	C:\WINDOWS\System32\KERNELBASE.dll
0x00007ffbc4570000 - 0x00007ffbc46bb000 	C:\WINDOWS\System32\ucrtbase.dll
0x00007ffba63c0000 - 0x00007ffba63d8000 	C:\Users\USUARIO\AppData\Roaming\Code\User\globalStorage\pleiades.java-extension-pack-jdk\java\21\bin\jli.dll
0x00007ffba63a0000 - 0x00007ffba63be000 	C:\Users\USUARIO\AppData\Roaming\Code\User\globalStorage\pleiades.java-extension-pack-jdk\java\21\bin\VCRUNTIME140.dll
0x00007ffbc6c60000 - 0x00007ffbc6e2a000 	C:\WINDOWS\System32\USER32.dll
0x00007ffba0710000 - 0x00007ffba09aa000 	C:\WINDOWS\WinSxS\amd64_microsoft.windows.common-controls_6595b64144ccf1df_6.0.26100.3912_none_3e07963ce335137e\COMCTL32.dll
0x00007ffbc4840000 - 0x00007ffbc4867000 	C:\WINDOWS\System32\win32u.dll
0x00007ffbc4db0000 - 0x00007ffbc4e59000 	C:\WINDOWS\System32\msvcrt.dll
0x00007ffbc58c0000 - 0x00007ffbc58eb000 	C:\WINDOWS\System32\GDI32.dll
0x00007ffbc4430000 - 0x00007ffbc4562000 	C:\WINDOWS\System32\gdi32full.dll
0x00007ffbc4190000 - 0x00007ffbc4233000 	C:\WINDOWS\System32\msvcp_win.dll
0x00007ffbc6b20000 - 0x00007ffbc6b50000 	C:\WINDOWS\System32\IMM32.DLL
0x00007ffbaed90000 - 0x00007ffbaed9c000 	C:\Users\USUARIO\AppData\Roaming\Code\User\globalStorage\pleiades.java-extension-pack-jdk\java\21\bin\vcruntime140_1.dll
0x00007ffb7a970000 - 0x00007ffb7a9fd000 	C:\Users\USUARIO\AppData\Roaming\Code\User\globalStorage\pleiades.java-extension-pack-jdk\java\21\bin\msvcp140.dll
0x00007ffb6fcb0000 - 0x00007ffb70a40000 	C:\Users\USUARIO\AppData\Roaming\Code\User\globalStorage\pleiades.java-extension-pack-jdk\java\21\bin\server\jvm.dll
0x00007ffbc57a0000 - 0x00007ffbc5852000 	C:\WINDOWS\System32\ADVAPI32.dll
0x00007ffbc5f50000 - 0x00007ffbc5ff6000 	C:\WINDOWS\System32\sechost.dll
0x00007ffbc5a70000 - 0x00007ffbc5b86000 	C:\WINDOWS\System32\RPCRT4.dll
0x00007ffbc50e0000 - 0x00007ffbc5154000 	C:\WINDOWS\System32\WS2_32.dll
0x00007ffbc2c40000 - 0x00007ffbc2c9e000 	C:\WINDOWS\SYSTEM32\POWRPROF.dll
0x00007ffbbd270000 - 0x00007ffbbd27b000 	C:\WINDOWS\SYSTEM32\VERSION.dll
0x00007ffbb24f0000 - 0x00007ffbb2526000 	C:\WINDOWS\SYSTEM32\WINMM.dll
0x00007ffbc2c20000 - 0x00007ffbc2c34000 	C:\WINDOWS\SYSTEM32\UMPDC.dll
0x00007ffbc2ef0000 - 0x00007ffbc2f0a000 	C:\WINDOWS\SYSTEM32\kernel.appcore.dll
0x00007ffba6360000 - 0x00007ffba636a000 	C:\Users\USUARIO\AppData\Roaming\Code\User\globalStorage\pleiades.java-extension-pack-jdk\java\21\bin\jimage.dll
0x00007ffbb1700000 - 0x00007ffbb1941000 	C:\WINDOWS\SYSTEM32\DBGHELP.DLL
0x00007ffbc5b90000 - 0x00007ffbc5f14000 	C:\WINDOWS\System32\combase.dll
0x00007ffbc4e60000 - 0x00007ffbc4f40000 	C:\WINDOWS\System32\OLEAUT32.dll
0x00007ffbb1430000 - 0x00007ffbb1469000 	C:\WINDOWS\SYSTEM32\dbgcore.DLL
0x00007ffbc4300000 - 0x00007ffbc4399000 	C:\WINDOWS\System32\bcryptPrimitives.dll
0x00007ffb9ee10000 - 0x00007ffb9ee1f000 	C:\Users\USUARIO\AppData\Roaming\Code\User\globalStorage\pleiades.java-extension-pack-jdk\java\21\bin\instrument.dll
0x00007ffba0d80000 - 0x00007ffba0d9f000 	C:\Users\USUARIO\AppData\Roaming\Code\User\globalStorage\pleiades.java-extension-pack-jdk\java\21\bin\java.dll
0x00007ffbc6240000 - 0x00007ffbc696d000 	C:\WINDOWS\System32\SHELL32.dll
0x00007ffbc4010000 - 0x00007ffbc4184000 	C:\WINDOWS\System32\wintypes.dll
0x00007ffbc1c70000 - 0x00007ffbc24c6000 	C:\WINDOWS\SYSTEM32\windows.storage.dll
0x00007ffbc6b60000 - 0x00007ffbc6c4f000 	C:\WINDOWS\System32\SHCORE.dll
0x00007ffbc4f50000 - 0x00007ffbc4fb9000 	C:\WINDOWS\System32\shlwapi.dll
0x00007ffbc3f20000 - 0x00007ffbc3f4f000 	C:\WINDOWS\SYSTEM32\profapi.dll
0x00007ffb76930000 - 0x00007ffb76a07000 	C:\Users\USUARIO\AppData\Roaming\Code\User\globalStorage\pleiades.java-extension-pack-jdk\java\21\bin\jsvml.dll
0x00007ffb9ee50000 - 0x00007ffb9ee68000 	C:\Users\USUARIO\AppData\Roaming\Code\User\globalStorage\pleiades.java-extension-pack-jdk\java\21\bin\zip.dll
0x00007ffba0ac0000 - 0x00007ffba0ad0000 	C:\Users\USUARIO\AppData\Roaming\Code\User\globalStorage\pleiades.java-extension-pack-jdk\java\21\bin\net.dll
0x00007ffbbd070000 - 0x00007ffbbd18e000 	C:\WINDOWS\SYSTEM32\WINHTTP.dll
0x00007ffbc3460000 - 0x00007ffbc34ca000 	C:\WINDOWS\system32\mswsock.dll
0x00007ffb9ee70000 - 0x00007ffb9ee86000 	C:\Users\USUARIO\AppData\Roaming\Code\User\globalStorage\pleiades.java-extension-pack-jdk\java\21\bin\nio.dll
0x00007ffb9e3d0000 - 0x00007ffb9e3e0000 	C:\Users\USUARIO\AppData\Roaming\Code\User\globalStorage\pleiades.java-extension-pack-jdk\java\21\bin\verify.dll
0x00007ffba3730000 - 0x00007ffba3757000 	C:\Users\USUARIO\.gradle\native\c067742578af261105cb4f569cf0c3c89f3d7b1fecec35dd04571415982c5e48\windows-amd64\native-platform.dll
0x00007ffb72db0000 - 0x00007ffb72ef4000 	C:\Users\USUARIO\.gradle\native\100fb08df4bc3b14c8652ba06237920a3bd2aa13389f12d3474272988ae205f9\windows-amd64\native-platform-file-events.dll
0x00007ffb9f520000 - 0x00007ffb9f52a000 	C:\Users\USUARIO\AppData\Roaming\Code\User\globalStorage\pleiades.java-extension-pack-jdk\java\21\bin\management.dll
0x00007ffb9e9f0000 - 0x00007ffb9e9fb000 	C:\Users\USUARIO\AppData\Roaming\Code\User\globalStorage\pleiades.java-extension-pack-jdk\java\21\bin\management_ext.dll
0x00007ffbc5860000 - 0x00007ffbc5868000 	C:\WINDOWS\System32\PSAPI.DLL
0x00007ffbc3700000 - 0x00007ffbc371c000 	C:\WINDOWS\SYSTEM32\CRYPTSP.dll
0x00007ffbc2e50000 - 0x00007ffbc2e8a000 	C:\WINDOWS\system32\rsaenh.dll
0x00007ffbc3500000 - 0x00007ffbc352b000 	C:\WINDOWS\SYSTEM32\USERENV.dll
0x00007ffbc3ef0000 - 0x00007ffbc3f16000 	C:\WINDOWS\SYSTEM32\bcrypt.dll
0x00007ffbc3720000 - 0x00007ffbc372c000 	C:\WINDOWS\SYSTEM32\CRYPTBASE.dll
0x00007ffbc2910000 - 0x00007ffbc2943000 	C:\WINDOWS\SYSTEM32\IPHLPAPI.DLL
0x00007ffbc58f0000 - 0x00007ffbc58fa000 	C:\WINDOWS\System32\NSI.dll
0x00007ffb9dd70000 - 0x00007ffb9dd79000 	C:\Users\USUARIO\AppData\Roaming\Code\User\globalStorage\pleiades.java-extension-pack-jdk\java\21\bin\extnet.dll
0x00007ffb9e860000 - 0x00007ffb9e86e000 	C:\Users\USUARIO\AppData\Roaming\Code\User\globalStorage\pleiades.java-extension-pack-jdk\java\21\bin\sunmscapi.dll
0x00007ffbc46c0000 - 0x00007ffbc4837000 	C:\WINDOWS\System32\CRYPT32.dll
0x00007ffbc3910000 - 0x00007ffbc3940000 	C:\WINDOWS\SYSTEM32\ncrypt.dll
0x00007ffbc38c0000 - 0x00007ffbc38ff000 	C:\WINDOWS\SYSTEM32\NTASN1.dll
0x00007ffbb77b0000 - 0x00007ffbb77b8000 	C:\WINDOWS\system32\wshunix.dll

dbghelp: loaded successfully - version: 4.0.5 - missing functions: none
symbol engine: initialized successfully - sym options: 0x614 - pdb path: .;C:\Users\USUARIO\AppData\Roaming\Code\User\globalStorage\pleiades.java-extension-pack-jdk\java\21\bin;C:\WINDOWS\SYSTEM32;C:\Program Files\AVG\Antivirus;C:\WINDOWS\WinSxS\amd64_microsoft.windows.common-controls_6595b64144ccf1df_6.0.26100.3912_none_3e07963ce335137e;C:\Users\USUARIO\AppData\Roaming\Code\User\globalStorage\pleiades.java-extension-pack-jdk\java\21\bin\server;C:\Users\USUARIO\.gradle\native\c067742578af261105cb4f569cf0c3c89f3d7b1fecec35dd04571415982c5e48\windows-amd64;C:\Users\USUARIO\.gradle\native\100fb08df4bc3b14c8652ba06237920a3bd2aa13389f12d3474272988ae205f9\windows-amd64

VM Arguments:
jvm_args: --add-opens=java.base/java.lang=ALL-UNNAMED --add-opens=java.base/java.lang.invoke=ALL-UNNAMED --add-opens=java.base/java.util=ALL-UNNAMED --add-opens=java.prefs/java.util.prefs=ALL-UNNAMED --add-exports=jdk.compiler/com.sun.tools.javac.api=ALL-UNNAMED --add-exports=jdk.compiler/com.sun.tools.javac.util=ALL-UNNAMED --add-opens=java.base/java.util=ALL-UNNAMED --add-opens=java.prefs/java.util.prefs=ALL-UNNAMED --add-opens=java.base/java.nio.charset=ALL-UNNAMED --add-opens=java.base/java.net=ALL-UNNAMED --add-opens=java.base/java.util.concurrent.atomic=ALL-UNNAMED --add-opens=java.xml/javax.xml.namespace=ALL-UNNAMED -Xmx1536m -Dfile.encoding=UTF-8 -Duser.country=CO -Duser.language=es -Duser.variant -javaagent:C:\Users\USUARIO\.gradle\wrapper\dists\gradle-8.11.1-all\2qik7nd48slq1ooc2496ixf4i\gradle-8.11.1\lib\agents\gradle-instrumentation-agent-8.11.1.jar 
java_command: org.gradle.launcher.daemon.bootstrap.GradleDaemon 8.11.1
java_class_path (initial): C:\Users\USUARIO\.gradle\wrapper\dists\gradle-8.11.1-all\2qik7nd48slq1ooc2496ixf4i\gradle-8.11.1\lib\gradle-daemon-main-8.11.1.jar
Launcher Type: SUN_STANDARD

[Global flags]
     intx CICompilerCount                          = 12                                        {product} {ergonomic}
     uint ConcGCThreads                            = 3                                         {product} {ergonomic}
     uint G1ConcRefinementThreads                  = 13                                        {product} {ergonomic}
   size_t G1HeapRegionSize                         = 1048576                                   {product} {ergonomic}
    uintx GCDrainStackTargetSize                   = 64                                        {product} {ergonomic}
   size_t InitialHeapSize                          = 132120576                                 {product} {ergonomic}
   size_t MarkStackSize                            = 4194304                                   {product} {ergonomic}
   size_t MaxHeapSize                              = 1610612736                                {product} {command line}
   size_t MaxNewSize                               = 965738496                                 {product} {ergonomic}
   size_t MinHeapDeltaBytes                        = 1048576                                   {product} {ergonomic}
   size_t MinHeapSize                              = 8388608                                   {product} {ergonomic}
    uintx NonNMethodCodeHeapSize                   = 7602480                                {pd product} {ergonomic}
    uintx NonProfiledCodeHeapSize                  = 122027880                              {pd product} {ergonomic}
    uintx ProfiledCodeHeapSize                     = 122027880                              {pd product} {ergonomic}
    uintx ReservedCodeCacheSize                    = 251658240                              {pd product} {ergonomic}
     bool SegmentedCodeCache                       = true                                      {product} {ergonomic}
   size_t SoftMaxHeapSize                          = 1610612736                             {manageable} {ergonomic}
     bool UseCompressedOops                        = true                           {product lp64_product} {ergonomic}
     bool UseG1GC                                  = true                                      {product} {ergonomic}
     bool UseLargePagesIndividualAllocation        = false                                  {pd product} {ergonomic}

Logging:
Log output configuration:
 #0: stdout all=warning uptime,level,tags foldmultilines=false
 #1: stderr all=off uptime,level,tags foldmultilines=false

Environment Variables:
PATH=C:\Program Files\Common Files\Oracle\Java\javapath;C:\WINDOWS\system32;C:\WINDOWS;C:\WINDOWS\System32\Wbem;C:\WINDOWS\System32\WindowsPowerShell\v1.0\;C:\WINDOWS\System32\OpenSSH\;C:\Program Files\dotnet\;C:\Program Files\nodejs\;C:\Program Files\Git\cmd;C:\Program Files\Docker\Docker\resources\bin;C:\Users\USUARIO\AppData\Local\Microsoft\WindowsApps;C:\Users\USUARIO\Desktop\IntelliJ IDEA 2024.3.4.1\bin;;C:\Users\USUARIO\AppData\Local\GitHubDesktop\bin;C:\Users\USUARIO\AppData\Roaming\npm;C:\Users\USUARIO\AppData\Local\Programs\Microsoft VS Code\bin
USERNAME=USUARIO
OS=Windows_NT
PROCESSOR_IDENTIFIER=AMD64 Family 25 Model 68 Stepping 1, AuthenticAMD
TMP=C:\Users\USUARIO\AppData\Local\Temp
TEMP=C:\Users\USUARIO\AppData\Local\Temp




Periodic native trim disabled

---------------  S Y S T E M  ---------------

OS:
 Windows 11 , 64 bit Build 26100 (10.0.26100.3912)
OS uptime: 2 days 3:27 hours
Hyper-V role detected

CPU: total 16 (initial active 16) (16 cores per cpu, 2 threads per core) family 25 model 68 stepping 1 microcode 0xa404107, cx8, cmov, fxsr, ht, mmx, 3dnowpref, sse, sse2, sse3, ssse3, sse4a, sse4.1, sse4.2, popcnt, lzcnt, tsc, tscinvbit, avx, avx2, aes, erms, clmul, bmi1, bmi2, adx, sha, fma, vzeroupper, clflush, clflushopt, hv, rdtscp, rdpid, fsrm, f16c, cet_ss
Processor Information for processor 0
  Max Mhz: 3100, Current Mhz: 2469, Mhz Limit: 3100
Processor Information for processor 1
  Max Mhz: 3100, Current Mhz: 3100, Mhz Limit: 3100
Processor Information for processor 2
  Max Mhz: 3100, Current Mhz: 3100, Mhz Limit: 3100
Processor Information for processor 3
  Max Mhz: 3100, Current Mhz: 3100, Mhz Limit: 3100
Processor Information for processor 4
  Max Mhz: 3100, Current Mhz: 3100, Mhz Limit: 3100
Processor Information for processor 5
  Max Mhz: 3100, Current Mhz: 2469, Mhz Limit: 3100
Processor Information for processor 6
  Max Mhz: 3100, Current Mhz: 3100, Mhz Limit: 3100
Processor Information for processor 7
  Max Mhz: 3100, Current Mhz: 3100, Mhz Limit: 3100
Processor Information for processor 8
  Max Mhz: 3100, Current Mhz: 2469, Mhz Limit: 3100
Processor Information for processor 9
  Max Mhz: 3100, Current Mhz: 2469, Mhz Limit: 3100
Processor Information for processor 10
  Max Mhz: 3100, Current Mhz: 3100, Mhz Limit: 3100
Processor Information for processor 11
  Max Mhz: 3100, Current Mhz: 3100, Mhz Limit: 3100
Processor Information for processor 12
  Max Mhz: 3100, Current Mhz: 2469, Mhz Limit: 3100
Processor Information for processor 13
  Max Mhz: 3100, Current Mhz: 3100, Mhz Limit: 3100
Processor Information for processor 14
  Max Mhz: 3100, Current Mhz: 3100, Mhz Limit: 3100
Processor Information for processor 15
  Max Mhz: 3100, Current Mhz: 3100, Mhz Limit: 3100

Memory: 4k page, system-wide physical 8010M (264M free)
TotalPageFile size 32586M (AvailPageFile size 3M)
current process WorkingSet (physical memory assigned to process): 255M, peak: 368M
current process commit charge ("private bytes"): 510M, peak: 524M

vm_info: OpenJDK 64-Bit Server VM (21.0.7+6-LTS) for windows-amd64 JRE (21.0.7+6-LTS), built on 2025-04-15T00:00:00Z by "admin" with MS VC++ 17.7 (VS2022)

END.
