#
# There is insufficient memory for the Java Runtime Environment to continue.
# Native memory allocation (malloc) failed to allocate 1068016 bytes. Error detail: Chunk::new
# Possible reasons:
#   The system is out of physical RAM or swap space
#   This process is running with CompressedOops enabled, and the Java Heap may be blocking the growth of the native heap
# Possible solutions:
#   Reduce memory load on the system
#   Increase physical memory or swap space
#   Check if swap backing store is full
#   Decrease Java heap size (-Xmx/-Xms)
#   Decrease number of Java threads
#   Decrease Java thread stack sizes (-Xss)
#   Set larger code cache with -XX:ReservedCodeCacheSize=
#   JVM is running with Unscaled Compressed Oops mode in which the Java heap is
#     placed in the first 4GB address space. The Java Heap base address is the
#     maximum limit for the native heap growth. Please use -XX:HeapBaseMinAddress
#     to set the Java Heap base and to place the Java Heap above 4GB virtual address.
# This output file may be truncated or incomplete.
#
#  Out of Memory Error (arena.cpp:168), pid=7292, tid=14276
#
# JRE version: OpenJDK Runtime Environment Temurin-21.0.7+6 (21.0.7+6) (build 21.0.7+6-LTS)
# Java VM: OpenJDK 64-Bit Server VM Temurin-21.0.7+6 (21.0.7+6-LTS, mixed mode, sharing, tiered, compressed oops, compressed class ptrs, g1 gc, windows-amd64)
# No core dump will be written. Minidumps are not enabled by default on client versions of Windows
#

---------------  S U M M A R Y ------------

Command Line: --add-opens=java.base/java.lang=ALL-UNNAMED --add-opens=java.base/java.lang.invoke=ALL-UNNAMED --add-opens=java.base/java.util=ALL-UNNAMED --add-opens=java.prefs/java.util.prefs=ALL-UNNAMED --add-exports=jdk.compiler/com.sun.tools.javac.api=ALL-UNNAMED --add-exports=jdk.compiler/com.sun.tools.javac.util=ALL-UNNAMED --add-opens=java.base/java.util=ALL-UNNAMED --add-opens=java.prefs/java.util.prefs=ALL-UNNAMED --add-opens=java.base/java.nio.charset=ALL-UNNAMED --add-opens=java.base/java.net=ALL-UNNAMED --add-opens=java.base/java.util.concurrent.atomic=ALL-UNNAMED --add-opens=java.xml/javax.xml.namespace=ALL-UNNAMED -Xmx1536m -Dfile.encoding=UTF-8 -Duser.country=CO -Duser.language=es -Duser.variant -javaagent:C:\Users\USUARIO\.gradle\wrapper\dists\gradle-8.11.1-all\2qik7nd48slq1ooc2496ixf4i\gradle-8.11.1\lib\agents\gradle-instrumentation-agent-8.11.1.jar org.gradle.launcher.daemon.bootstrap.GradleDaemon 8.11.1

Host: AMD Ryzen 7 7435HS                             , 16 cores, 7G,  Windows 11 , 64 bit Build 26100 (10.0.26100.3912)
Time: Sat May 24 17:52:36 2025 Hora est. Pacífico, Sudamérica elapsed time: 17.307002 seconds (0d 0h 0m 17s)

---------------  T H R E A D  ---------------

Current thread (0x000001a124fb3660):  JavaThread "C2 CompilerThread0" daemon [_thread_in_native, id=14276, stack(0x0000008b49d00000,0x0000008b49e00000) (1024K)]


Current CompileTask:
C2:17307 3174   !   4       java.net.URLClassLoader::findClass (47 bytes)

Stack: [0x0000008b49d00000,0x0000008b49e00000]
Native frames: (J=compiled Java code, j=interpreted, Vv=VM code, C=native code)
V  [jvm.dll+0x6ce119]
V  [jvm.dll+0x8a84a1]
V  [jvm.dll+0x8aa9ce]
V  [jvm.dll+0x8ab0b3]
V  [jvm.dll+0x27f8a6]
V  [jvm.dll+0xc507d]
V  [jvm.dll+0xc55b3]
V  [jvm.dll+0x2f2c6d]
V  [jvm.dll+0x5f6bca]
V  [jvm.dll+0x250cb2]
V  [jvm.dll+0x25106f]
V  [jvm.dll+0x249934]
V  [jvm.dll+0x246fc4]
V  [jvm.dll+0x1c760e]
V  [jvm.dll+0x25695a]
V  [jvm.dll+0x254efa]
V  [jvm.dll+0x3f03f6]
V  [jvm.dll+0x851f6b]
V  [jvm.dll+0x6cc7dd]
C  [ucrtbase.dll+0x37b0]
C  [KERNEL32.DLL+0x2e8d7]
C  [ntdll.dll+0x9c5dc]


---------------  P R O C E S S  ---------------

Threads class SMR info:
_java_thread_list=0x000001a16deff930, length=29, elements={
0x000001a1082a29f0, 0x000001a124fa9c20, 0x000001a124faa670, 0x000001a124fae830,
0x000001a124faf500, 0x000001a124fb1d20, 0x000001a124fb2530, 0x000001a124fb3660,
0x000001a124fb4780, 0x000001a16a0892e0, 0x000001a16a232360, 0x000001a16abceeb0,
0x000001a16b922df0, 0x000001a16b971b10, 0x000001a16bb23b00, 0x000001a16bb77300,
0x000001a16b9bb760, 0x000001a16b9bcbf0, 0x000001a16b9bdd10, 0x000001a16b9eba60,
0x000001a16b9ec780, 0x000001a16b9ed4a0, 0x000001a16b9ec0f0, 0x000001a16b9edb30,
0x000001a16b9ece10, 0x000001a16cafb680, 0x000001a16b9ee850, 0x000001a16da08ac0,
0x000001a16ddb3d00
}

Java Threads: ( => current thread )
  0x000001a1082a29f0 JavaThread "main"                              [_thread_blocked, id=33100, stack(0x0000008b48f00000,0x0000008b49000000) (1024K)]
  0x000001a124fa9c20 JavaThread "Reference Handler"          daemon [_thread_blocked, id=14380, stack(0x0000008b49700000,0x0000008b49800000) (1024K)]
  0x000001a124faa670 JavaThread "Finalizer"                  daemon [_thread_blocked, id=26404, stack(0x0000008b49800000,0x0000008b49900000) (1024K)]
  0x000001a124fae830 JavaThread "Signal Dispatcher"          daemon [_thread_blocked, id=9376, stack(0x0000008b49900000,0x0000008b49a00000) (1024K)]
  0x000001a124faf500 JavaThread "Attach Listener"            daemon [_thread_blocked, id=20724, stack(0x0000008b49a00000,0x0000008b49b00000) (1024K)]
  0x000001a124fb1d20 JavaThread "Service Thread"             daemon [_thread_blocked, id=10716, stack(0x0000008b49b00000,0x0000008b49c00000) (1024K)]
  0x000001a124fb2530 JavaThread "Monitor Deflation Thread"   daemon [_thread_blocked, id=31200, stack(0x0000008b49c00000,0x0000008b49d00000) (1024K)]
=>0x000001a124fb3660 JavaThread "C2 CompilerThread0"         daemon [_thread_in_native, id=14276, stack(0x0000008b49d00000,0x0000008b49e00000) (1024K)]
  0x000001a124fb4780 JavaThread "C1 CompilerThread0"         daemon [_thread_blocked, id=22600, stack(0x0000008b49e00000,0x0000008b49f00000) (1024K)]
  0x000001a16a0892e0 JavaThread "Common-Cleaner"             daemon [_thread_blocked, id=25936, stack(0x0000008b49f00000,0x0000008b4a000000) (1024K)]
  0x000001a16a232360 JavaThread "Notification Thread"        daemon [_thread_blocked, id=36304, stack(0x0000008b4a000000,0x0000008b4a100000) (1024K)]
  0x000001a16abceeb0 JavaThread "Daemon health stats"               [_thread_blocked, id=8296, stack(0x0000008b4a500000,0x0000008b4a600000) (1024K)]
  0x000001a16b922df0 JavaThread "Incoming local TCP Connector on port 51717"        [_thread_in_native, id=21736, stack(0x0000008b4a600000,0x0000008b4a700000) (1024K)]
  0x000001a16b971b10 JavaThread "Daemon periodic checks"            [_thread_blocked, id=36252, stack(0x0000008b4a700000,0x0000008b4a800000) (1024K)]
  0x000001a16bb23b00 JavaThread "Daemon"                            [_thread_blocked, id=37028, stack(0x0000008b4a800000,0x0000008b4a900000) (1024K)]
  0x000001a16bb77300 JavaThread "Handler for socket connection from /127.0.0.1:51717 to /127.0.0.1:51732"        [_thread_in_native, id=36432, stack(0x0000008b4a900000,0x0000008b4aa00000) (1024K)]
  0x000001a16b9bb760 JavaThread "Cancel handler"                    [_thread_blocked, id=24844, stack(0x0000008b4aa00000,0x0000008b4ab00000) (1024K)]
  0x000001a16b9bcbf0 JavaThread "Daemon worker"                     [_thread_in_vm, id=37352, stack(0x0000008b4ab00000,0x0000008b4ac00000) (1024K)]
  0x000001a16b9bdd10 JavaThread "Asynchronous log dispatcher for DefaultDaemonConnection: socket connection from /127.0.0.1:51717 to /127.0.0.1:51732"        [_thread_blocked, id=10084, stack(0x0000008b4ac00000,0x0000008b4ad00000) (1024K)]
  0x000001a16b9eba60 JavaThread "Stdin handler"                     [_thread_blocked, id=36424, stack(0x0000008b4ad00000,0x0000008b4ae00000) (1024K)]
  0x000001a16b9ec780 JavaThread "Daemon client event forwarder"        [_thread_blocked, id=36584, stack(0x0000008b4ae00000,0x0000008b4af00000) (1024K)]
  0x000001a16b9ed4a0 JavaThread "Cache worker for journal cache (C:\Users\USUARIO\.gradle\caches\journal-1)"        [_thread_blocked, id=14352, stack(0x0000008b4af00000,0x0000008b4b000000) (1024K)]
  0x000001a16b9ec0f0 JavaThread "File lock request listener"        [_thread_in_native, id=36160, stack(0x0000008b4b000000,0x0000008b4b100000) (1024K)]
  0x000001a16b9edb30 JavaThread "Cache worker for file hash cache (C:\Users\USUARIO\.gradle\caches\8.11.1\fileHashes)"        [_thread_blocked, id=37040, stack(0x0000008b4b100000,0x0000008b4b200000) (1024K)]
  0x000001a16b9ece10 JavaThread "File lock release action executor"        [_thread_blocked, id=37792, stack(0x0000008b4b200000,0x0000008b4b300000) (1024K)]
  0x000001a16cafb680 JavaThread "C2 CompilerThread1"         daemon [_thread_in_vm, id=37744, stack(0x0000008b4b300000,0x0000008b4b400000) (1024K)]
  0x000001a16b9ee850 JavaThread "Cache worker for file content cache (C:\Users\USUARIO\.gradle\caches\8.11.1\fileContent)"        [_thread_blocked, id=33664, stack(0x0000008b4bc00000,0x0000008b4bd00000) (1024K)]
  0x000001a16da08ac0 JavaThread "C1 CompilerThread1"         daemon [_thread_blocked, id=37596, stack(0x0000008b4bd00000,0x0000008b4be00000) (1024K)]
  0x000001a16ddb3d00 JavaThread "C2 CompilerThread2"         daemon [_thread_in_native, id=33404, stack(0x0000008b4be00000,0x0000008b4bf00000) (1024K)]
Total: 29

Other Threads:
  0x000001a124f8a270 VMThread "VM Thread"                           [id=37780, stack(0x0000008b49600000,0x0000008b49700000) (1024K)]
  0x000001a124f70f20 WatcherThread "VM Periodic Task Thread"        [id=3788, stack(0x0000008b49500000,0x0000008b49600000) (1024K)]
  0x000001a1082ed460 WorkerThread "GC Thread#0"                     [id=37348, stack(0x0000008b49000000,0x0000008b49100000) (1024K)]
  0x000001a16a3da5f0 WorkerThread "GC Thread#1"                     [id=37212, stack(0x0000008b4a100000,0x0000008b4a200000) (1024K)]
  0x000001a16a3ce120 WorkerThread "GC Thread#2"                     [id=36260, stack(0x0000008b4a200000,0x0000008b4a300000) (1024K)]
  0x000001a16a5f55a0 WorkerThread "GC Thread#3"                     [id=4392, stack(0x0000008b4a300000,0x0000008b4a400000) (1024K)]
  0x000001a16b12cbd0 WorkerThread "GC Thread#4"                     [id=4724, stack(0x0000008b4a400000,0x0000008b4a500000) (1024K)]
  0x000001a16d009ae0 WorkerThread "GC Thread#5"                     [id=29160, stack(0x0000008b4b400000,0x0000008b4b500000) (1024K)]
  0x000001a16d0093a0 WorkerThread "GC Thread#6"                     [id=18520, stack(0x0000008b4b500000,0x0000008b4b600000) (1024K)]
  0x000001a16d009740 WorkerThread "GC Thread#7"                     [id=36512, stack(0x0000008b4b600000,0x0000008b4b700000) (1024K)]
  0x000001a16d00a960 WorkerThread "GC Thread#8"                     [id=36944, stack(0x0000008b4b700000,0x0000008b4b800000) (1024K)]
  0x000001a16d00a5c0 WorkerThread "GC Thread#9"                     [id=17600, stack(0x0000008b4b800000,0x0000008b4b900000) (1024K)]
  0x000001a16d00ad00 WorkerThread "GC Thread#10"                    [id=6664, stack(0x0000008b4b900000,0x0000008b4ba00000) (1024K)]
  0x000001a16d009e80 WorkerThread "GC Thread#11"                    [id=22568, stack(0x0000008b4ba00000,0x0000008b4bb00000) (1024K)]
  0x000001a16d00a220 WorkerThread "GC Thread#12"                    [id=37496, stack(0x0000008b4bb00000,0x0000008b4bc00000) (1024K)]
  0x000001a1082fb1d0 ConcurrentGCThread "G1 Main Marker"            [id=36360, stack(0x0000008b49100000,0x0000008b49200000) (1024K)]
  0x000001a1082fbbe0 WorkerThread "G1 Conc#0"                       [id=37720, stack(0x0000008b49200000,0x0000008b49300000) (1024K)]
  0x000001a16d4600d0 WorkerThread "G1 Conc#1"                       [id=35472, stack(0x0000008b4bf00000,0x0000008b4c000000) (1024K)]
  0x000001a16d4612f0 WorkerThread "G1 Conc#2"                       [id=14144, stack(0x0000008b4c000000,0x0000008b4c100000) (1024K)]
  0x000001a124e3d550 ConcurrentGCThread "G1 Refine#0"               [id=37760, stack(0x0000008b49300000,0x0000008b49400000) (1024K)]
  0x000001a124e3fd80 ConcurrentGCThread "G1 Service"                [id=36876, stack(0x0000008b49400000,0x0000008b49500000) (1024K)]
Total: 21

Threads with active compile tasks:
C2 CompilerThread0  17385 3174   !   4       java.net.URLClassLoader::findClass (47 bytes)
C2 CompilerThread1  17385 3176   !   4       java.net.URLClassLoader$1::run (81 bytes)
C2 CompilerThread2  17386 3175       4       java.net.URLClassLoader$1::run (5 bytes)
Total: 3

VM state: not at safepoint (normal execution)

VM Mutex/Monitor currently owned by a thread: None

Heap address: 0x00000000a0000000, size: 1536 MB, Compressed Oops mode: 32-bit

CDS archive(s) mapped at: [0x000001a125000000-0x000001a125c80000-0x000001a125c80000), size 13107200, SharedBaseAddress: 0x000001a125000000, ArchiveRelocationMode: 1.
Compressed class space mapped at: 0x000001a126000000-0x000001a166000000, reserved size: 1073741824
Narrow klass base: 0x000001a125000000, Narrow klass shift: 0, Narrow klass range: 0x100000000

GC Precious Log:
 CardTable entry size: 512
 Card Set container configuration: InlinePtr #cards 5 size 8 Array Of Cards #cards 12 size 40 Howl #buckets 4 coarsen threshold 1843 Howl Bitmap #cards 512 size 80 coarsen threshold 460 Card regions per heap region 1 cards per card region 2048
 CPUs: 16 total, 16 available
 Memory: 8010M
 Large Page Support: Disabled
 NUMA Support: Disabled
 Compressed Oops: Enabled (32-bit)
 Heap Region Size: 1M
 Heap Min Capacity: 8M
 Heap Initial Capacity: 126M
 Heap Max Capacity: 1536M
 Pre-touch: Disabled
 Parallel Workers: 13
 Concurrent Workers: 3
 Concurrent Refinement Workers: 13
 Periodic GC: Disabled

Heap:
 garbage-first heap   total 89088K, used 25827K [0x00000000a0000000, 0x0000000100000000)
  region size 1024K, 5 young (5120K), 3 survivors (3072K)
 Metaspace       used 20999K, committed 21696K, reserved 1114112K
  class space    used 2979K, committed 3328K, reserved 1048576K

Heap Regions: E=young(eden), S=young(survivor), O=old, HS=humongous(starts), HC=humongous(continues), CS=collection set, F=free, TAMS=top-at-mark-start, PB=parsable bottom
|   0|0x00000000a0000000, 0x00000000a0100000, 0x00000000a0100000|100%| O|  |TAMS 0x00000000a0000000| PB 0x00000000a0000000| Untracked 
|   1|0x00000000a0100000, 0x00000000a0200000, 0x00000000a0200000|100%|HS|  |TAMS 0x00000000a0100000| PB 0x00000000a0100000| Complete 
|   2|0x00000000a0200000, 0x00000000a0300000, 0x00000000a0300000|100%|HC|  |TAMS 0x00000000a0200000| PB 0x00000000a0200000| Complete 
|   3|0x00000000a0300000, 0x00000000a0400000, 0x00000000a0400000|100%|HC|  |TAMS 0x00000000a0300000| PB 0x00000000a0300000| Complete 
|   4|0x00000000a0400000, 0x00000000a0500000, 0x00000000a0500000|100%| O|  |TAMS 0x00000000a0400000| PB 0x00000000a0400000| Untracked 
|   5|0x00000000a0500000, 0x00000000a0600000, 0x00000000a0600000|100%| O|  |TAMS 0x00000000a0500000| PB 0x00000000a0500000| Untracked 
|   6|0x00000000a0600000, 0x00000000a0700000, 0x00000000a0700000|100%| O|  |TAMS 0x00000000a0600000| PB 0x00000000a0600000| Untracked 
|   7|0x00000000a0700000, 0x00000000a0800000, 0x00000000a0800000|100%|HS|  |TAMS 0x00000000a0700000| PB 0x00000000a0700000| Complete 
|   8|0x00000000a0800000, 0x00000000a0900000, 0x00000000a0900000|100%| O|  |TAMS 0x00000000a0800000| PB 0x00000000a0800000| Untracked 
|   9|0x00000000a0900000, 0x00000000a0a00000, 0x00000000a0a00000|100%| O|  |TAMS 0x00000000a0900000| PB 0x00000000a0900000| Untracked 
|  10|0x00000000a0a00000, 0x00000000a0b00000, 0x00000000a0b00000|100%| O|  |TAMS 0x00000000a0a00000| PB 0x00000000a0a00000| Untracked 
|  11|0x00000000a0b00000, 0x00000000a0c00000, 0x00000000a0c00000|100%| O|  |TAMS 0x00000000a0b00000| PB 0x00000000a0b00000| Untracked 
|  12|0x00000000a0c00000, 0x00000000a0d00000, 0x00000000a0d00000|100%| O|  |TAMS 0x00000000a0c00000| PB 0x00000000a0c00000| Untracked 
|  13|0x00000000a0d00000, 0x00000000a0e00000, 0x00000000a0e00000|100%| O|  |TAMS 0x00000000a0d00000| PB 0x00000000a0d00000| Untracked 
|  14|0x00000000a0e00000, 0x00000000a0f00000, 0x00000000a0f00000|100%| O|  |TAMS 0x00000000a0e00000| PB 0x00000000a0e00000| Untracked 
|  15|0x00000000a0f00000, 0x00000000a1000000, 0x00000000a1000000|100%| O|  |TAMS 0x00000000a0f00000| PB 0x00000000a0f00000| Untracked 
|  16|0x00000000a1000000, 0x00000000a1100000, 0x00000000a1100000|100%| O|  |TAMS 0x00000000a1000000| PB 0x00000000a1000000| Untracked 
|  17|0x00000000a1100000, 0x00000000a1200000, 0x00000000a1200000|100%| O|  |TAMS 0x00000000a1100000| PB 0x00000000a1100000| Untracked 
|  18|0x00000000a1200000, 0x00000000a1300000, 0x00000000a1300000|100%| O|  |TAMS 0x00000000a1200000| PB 0x00000000a1200000| Untracked 
|  19|0x00000000a1300000, 0x00000000a1400000, 0x00000000a1400000|100%| O|  |TAMS 0x00000000a1300000| PB 0x00000000a1300000| Untracked 
|  20|0x00000000a1400000, 0x00000000a1500000, 0x00000000a1500000|100%| O|  |TAMS 0x00000000a1400000| PB 0x00000000a1400000| Untracked 
|  21|0x00000000a1500000, 0x00000000a1600000, 0x00000000a1600000|100%| O|  |TAMS 0x00000000a1500000| PB 0x00000000a1500000| Untracked 
|  22|0x00000000a1600000, 0x00000000a161f1a0, 0x00000000a1700000| 12%| O|Cm|TAMS 0x00000000a1600000| PB 0x00000000a1600000| Complete 
|  23|0x00000000a1700000, 0x00000000a1700000, 0x00000000a1800000|  0%| F|  |TAMS 0x00000000a1700000| PB 0x00000000a1700000| Untracked 
|  24|0x00000000a1800000, 0x00000000a1800000, 0x00000000a1900000|  0%| F|  |TAMS 0x00000000a1800000| PB 0x00000000a1800000| Untracked 
|  25|0x00000000a1900000, 0x00000000a1900000, 0x00000000a1a00000|  0%| F|  |TAMS 0x00000000a1900000| PB 0x00000000a1900000| Untracked 
|  26|0x00000000a1a00000, 0x00000000a1a00000, 0x00000000a1b00000|  0%| F|  |TAMS 0x00000000a1a00000| PB 0x00000000a1a00000| Untracked 
|  27|0x00000000a1b00000, 0x00000000a1b00000, 0x00000000a1c00000|  0%| F|  |TAMS 0x00000000a1b00000| PB 0x00000000a1b00000| Untracked 
|  28|0x00000000a1c00000, 0x00000000a1c00000, 0x00000000a1d00000|  0%| F|  |TAMS 0x00000000a1c00000| PB 0x00000000a1c00000| Untracked 
|  29|0x00000000a1d00000, 0x00000000a1d00000, 0x00000000a1e00000|  0%| F|  |TAMS 0x00000000a1d00000| PB 0x00000000a1d00000| Untracked 
|  30|0x00000000a1e00000, 0x00000000a1e00000, 0x00000000a1f00000|  0%| F|  |TAMS 0x00000000a1e00000| PB 0x00000000a1e00000| Untracked 
|  31|0x00000000a1f00000, 0x00000000a1f00000, 0x00000000a2000000|  0%| F|  |TAMS 0x00000000a1f00000| PB 0x00000000a1f00000| Untracked 
|  32|0x00000000a2000000, 0x00000000a2000000, 0x00000000a2100000|  0%| F|  |TAMS 0x00000000a2000000| PB 0x00000000a2000000| Untracked 
|  33|0x00000000a2100000, 0x00000000a2100000, 0x00000000a2200000|  0%| F|  |TAMS 0x00000000a2100000| PB 0x00000000a2100000| Untracked 
|  34|0x00000000a2200000, 0x00000000a2200000, 0x00000000a2300000|  0%| F|  |TAMS 0x00000000a2200000| PB 0x00000000a2200000| Untracked 
|  35|0x00000000a2300000, 0x00000000a2300000, 0x00000000a2400000|  0%| F|  |TAMS 0x00000000a2300000| PB 0x00000000a2300000| Untracked 
|  36|0x00000000a2400000, 0x00000000a2400000, 0x00000000a2500000|  0%| F|  |TAMS 0x00000000a2400000| PB 0x00000000a2400000| Untracked 
|  37|0x00000000a2500000, 0x00000000a2500000, 0x00000000a2600000|  0%| F|  |TAMS 0x00000000a2500000| PB 0x00000000a2500000| Untracked 
|  38|0x00000000a2600000, 0x00000000a2600000, 0x00000000a2700000|  0%| F|  |TAMS 0x00000000a2600000| PB 0x00000000a2600000| Untracked 
|  39|0x00000000a2700000, 0x00000000a2700000, 0x00000000a2800000|  0%| F|  |TAMS 0x00000000a2700000| PB 0x00000000a2700000| Untracked 
|  40|0x00000000a2800000, 0x00000000a2800000, 0x00000000a2900000|  0%| F|  |TAMS 0x00000000a2800000| PB 0x00000000a2800000| Untracked 
|  41|0x00000000a2900000, 0x00000000a2900000, 0x00000000a2a00000|  0%| F|  |TAMS 0x00000000a2900000| PB 0x00000000a2900000| Untracked 
|  42|0x00000000a2a00000, 0x00000000a2a00000, 0x00000000a2b00000|  0%| F|  |TAMS 0x00000000a2a00000| PB 0x00000000a2a00000| Untracked 
|  43|0x00000000a2b00000, 0x00000000a2b00000, 0x00000000a2c00000|  0%| F|  |TAMS 0x00000000a2b00000| PB 0x00000000a2b00000| Untracked 
|  44|0x00000000a2c00000, 0x00000000a2c00000, 0x00000000a2d00000|  0%| F|  |TAMS 0x00000000a2c00000| PB 0x00000000a2c00000| Untracked 
|  45|0x00000000a2d00000, 0x00000000a2d00000, 0x00000000a2e00000|  0%| F|  |TAMS 0x00000000a2d00000| PB 0x00000000a2d00000| Untracked 
|  46|0x00000000a2e00000, 0x00000000a2e00000, 0x00000000a2f00000|  0%| F|  |TAMS 0x00000000a2e00000| PB 0x00000000a2e00000| Untracked 
|  47|0x00000000a2f00000, 0x00000000a2f00000, 0x00000000a3000000|  0%| F|  |TAMS 0x00000000a2f00000| PB 0x00000000a2f00000| Untracked 
|  48|0x00000000a3000000, 0x00000000a3000000, 0x00000000a3100000|  0%| F|  |TAMS 0x00000000a3000000| PB 0x00000000a3000000| Untracked 
|  49|0x00000000a3100000, 0x00000000a3100000, 0x00000000a3200000|  0%| F|  |TAMS 0x00000000a3100000| PB 0x00000000a3100000| Untracked 
|  50|0x00000000a3200000, 0x00000000a3200000, 0x00000000a3300000|  0%| F|  |TAMS 0x00000000a3200000| PB 0x00000000a3200000| Untracked 
|  51|0x00000000a3300000, 0x00000000a3300000, 0x00000000a3400000|  0%| F|  |TAMS 0x00000000a3300000| PB 0x00000000a3300000| Untracked 
|  52|0x00000000a3400000, 0x00000000a3400000, 0x00000000a3500000|  0%| F|  |TAMS 0x00000000a3400000| PB 0x00000000a3400000| Untracked 
|  53|0x00000000a3500000, 0x00000000a3500000, 0x00000000a3600000|  0%| F|  |TAMS 0x00000000a3500000| PB 0x00000000a3500000| Untracked 
|  54|0x00000000a3600000, 0x00000000a3600000, 0x00000000a3700000|  0%| F|  |TAMS 0x00000000a3600000| PB 0x00000000a3600000| Untracked 
|  55|0x00000000a3700000, 0x00000000a3700000, 0x00000000a3800000|  0%| F|  |TAMS 0x00000000a3700000| PB 0x00000000a3700000| Untracked 
|  56|0x00000000a3800000, 0x00000000a3800000, 0x00000000a3900000|  0%| F|  |TAMS 0x00000000a3800000| PB 0x00000000a3800000| Untracked 
|  57|0x00000000a3900000, 0x00000000a3900000, 0x00000000a3a00000|  0%| F|  |TAMS 0x00000000a3900000| PB 0x00000000a3900000| Untracked 
|  58|0x00000000a3a00000, 0x00000000a3a00000, 0x00000000a3b00000|  0%| F|  |TAMS 0x00000000a3a00000| PB 0x00000000a3a00000| Untracked 
|  59|0x00000000a3b00000, 0x00000000a3b00000, 0x00000000a3c00000|  0%| F|  |TAMS 0x00000000a3b00000| PB 0x00000000a3b00000| Untracked 
|  60|0x00000000a3c00000, 0x00000000a3c00000, 0x00000000a3d00000|  0%| F|  |TAMS 0x00000000a3c00000| PB 0x00000000a3c00000| Untracked 
|  61|0x00000000a3d00000, 0x00000000a3d00000, 0x00000000a3e00000|  0%| F|  |TAMS 0x00000000a3d00000| PB 0x00000000a3d00000| Untracked 
|  62|0x00000000a3e00000, 0x00000000a3e00000, 0x00000000a3f00000|  0%| F|  |TAMS 0x00000000a3e00000| PB 0x00000000a3e00000| Untracked 
|  63|0x00000000a3f00000, 0x00000000a3f00000, 0x00000000a4000000|  0%| F|  |TAMS 0x00000000a3f00000| PB 0x00000000a3f00000| Untracked 
|  64|0x00000000a4000000, 0x00000000a4000000, 0x00000000a4100000|  0%| F|  |TAMS 0x00000000a4000000| PB 0x00000000a4000000| Untracked 
|  65|0x00000000a4100000, 0x00000000a4100000, 0x00000000a4200000|  0%| F|  |TAMS 0x00000000a4100000| PB 0x00000000a4100000| Untracked 
|  66|0x00000000a4200000, 0x00000000a4200000, 0x00000000a4300000|  0%| F|  |TAMS 0x00000000a4200000| PB 0x00000000a4200000| Untracked 
|  67|0x00000000a4300000, 0x00000000a4300000, 0x00000000a4400000|  0%| F|  |TAMS 0x00000000a4300000| PB 0x00000000a4300000| Untracked 
|  68|0x00000000a4400000, 0x00000000a4400000, 0x00000000a4500000|  0%| F|  |TAMS 0x00000000a4400000| PB 0x00000000a4400000| Untracked 
|  69|0x00000000a4500000, 0x00000000a4500000, 0x00000000a4600000|  0%| F|  |TAMS 0x00000000a4500000| PB 0x00000000a4500000| Untracked 
|  70|0x00000000a4600000, 0x00000000a4600000, 0x00000000a4700000|  0%| F|  |TAMS 0x00000000a4600000| PB 0x00000000a4600000| Untracked 
|  71|0x00000000a4700000, 0x00000000a4700000, 0x00000000a4800000|  0%| F|  |TAMS 0x00000000a4700000| PB 0x00000000a4700000| Untracked 
|  72|0x00000000a4800000, 0x00000000a4800000, 0x00000000a4900000|  0%| F|  |TAMS 0x00000000a4800000| PB 0x00000000a4800000| Untracked 
|  73|0x00000000a4900000, 0x00000000a4900000, 0x00000000a4a00000|  0%| F|  |TAMS 0x00000000a4900000| PB 0x00000000a4900000| Untracked 
|  74|0x00000000a4a00000, 0x00000000a4a00000, 0x00000000a4b00000|  0%| F|  |TAMS 0x00000000a4a00000| PB 0x00000000a4a00000| Untracked 
|  75|0x00000000a4b00000, 0x00000000a4b00000, 0x00000000a4c00000|  0%| F|  |TAMS 0x00000000a4b00000| PB 0x00000000a4b00000| Untracked 
|  76|0x00000000a4c00000, 0x00000000a4c00000, 0x00000000a4d00000|  0%| F|  |TAMS 0x00000000a4c00000| PB 0x00000000a4c00000| Untracked 
|  77|0x00000000a4d00000, 0x00000000a4d00000, 0x00000000a4e00000|  0%| F|  |TAMS 0x00000000a4d00000| PB 0x00000000a4d00000| Untracked 
|  78|0x00000000a4e00000, 0x00000000a4e00000, 0x00000000a4f00000|  0%| F|  |TAMS 0x00000000a4e00000| PB 0x00000000a4e00000| Untracked 
|  79|0x00000000a4f00000, 0x00000000a4f00000, 0x00000000a5000000|  0%| F|  |TAMS 0x00000000a4f00000| PB 0x00000000a4f00000| Untracked 
|  80|0x00000000a5000000, 0x00000000a5000000, 0x00000000a5100000|  0%| F|  |TAMS 0x00000000a5000000| PB 0x00000000a5000000| Untracked 
|  81|0x00000000a5100000, 0x00000000a5100000, 0x00000000a5200000|  0%| F|  |TAMS 0x00000000a5100000| PB 0x00000000a5100000| Untracked 
|  82|0x00000000a5200000, 0x00000000a5300000, 0x00000000a5300000|100%| E|  |TAMS 0x00000000a5200000| PB 0x00000000a5200000| Complete 
| 103|0x00000000a6700000, 0x00000000a6719b20, 0x00000000a6800000| 10%| S|CS|TAMS 0x00000000a6700000| PB 0x00000000a6700000| Complete 
| 104|0x00000000a6800000, 0x00000000a6900000, 0x00000000a6900000|100%| S|CS|TAMS 0x00000000a6800000| PB 0x00000000a6800000| Complete 
| 105|0x00000000a6900000, 0x00000000a6a00000, 0x00000000a6a00000|100%| S|CS|TAMS 0x00000000a6900000| PB 0x00000000a6900000| Complete 
| 125|0x00000000a7d00000, 0x00000000a7e00000, 0x00000000a7e00000|100%| E|CS|TAMS 0x00000000a7d00000| PB 0x00000000a7d00000| Complete 

Card table byte_map: [0x000001a120520000,0x000001a120820000] _byte_map_base: 0x000001a120020000

Marking Bits: (CMBitMap*) 0x000001a1082eda70
 Bits: [0x000001a120820000, 0x000001a122020000)

Polling page: 0x000001a1078a0000

Metaspace:

Usage:
  Non-class:     17.60 MB used.
      Class:      2.91 MB used.
       Both:     20.51 MB used.

Virtual space:
  Non-class space:       64.00 MB reserved,      17.94 MB ( 28%) committed,  1 nodes.
      Class space:        1.00 GB reserved,       3.25 MB ( <1%) committed,  1 nodes.
             Both:        1.06 GB reserved,      21.19 MB (  2%) committed. 

Chunk freelists:
   Non-Class:  13.72 MB
       Class:  12.59 MB
        Both:  26.31 MB

MaxMetaspaceSize: unlimited
CompressedClassSpaceSize: 1.00 GB
Initial GC threshold: 21.00 MB
Current GC threshold: 35.12 MB
CDS: on
 - commit_granule_bytes: 65536.
 - commit_granule_words: 8192.
 - virtual_space_node_default_size: 8388608.
 - enlarge_chunks_in_place: 1.
 - use_allocation_guard: 0.


Internal statistics:

num_allocs_failed_limit: 3.
num_arena_births: 904.
num_arena_deaths: 0.
num_vsnodes_births: 2.
num_vsnodes_deaths: 0.
num_space_committed: 339.
num_space_uncommitted: 0.
num_chunks_returned_to_freelist: 3.
num_chunks_taken_from_freelist: 1712.
num_chunk_merges: 3.
num_chunk_splits: 1106.
num_chunks_enlarged: 730.
num_inconsistent_stats: 0.

CodeHeap 'non-profiled nmethods': size=119168Kb used=1654Kb max_used=1654Kb free=117513Kb
 bounds [0x000001a118530000, 0x000001a1187a0000, 0x000001a11f990000]
CodeHeap 'profiled nmethods': size=119104Kb used=6652Kb max_used=6652Kb free=112451Kb
 bounds [0x000001a110990000, 0x000001a111010000, 0x000001a117de0000]
CodeHeap 'non-nmethods': size=7488Kb used=2061Kb max_used=2088Kb free=5426Kb
 bounds [0x000001a117de0000, 0x000001a118050000, 0x000001a118530000]
 total_blobs=3846 nmethods=3271 adapters=478
 compilation: enabled
              stopped_count=0, restarted_count=0
 full_count=0

Compilation events (20 events):
Event: 16.280 Thread 0x000001a16da08ac0 3262       3       org.gradle.internal.event.DefaultListenerManager$EventBroadcast::maybeAdd (27 bytes)
Event: 16.280 Thread 0x000001a16da08ac0 nmethod 3262 0x000001a111007010 code [0x000001a1110071e0, 0x000001a111007528]
Event: 16.294 Thread 0x000001a16da08ac0 3263   !   3       java.lang.ref.ReferenceQueue::enqueue (32 bytes)
Event: 16.294 Thread 0x000001a124fb4780 3264       3       java.lang.ref.ReferenceQueue::signal (10 bytes)
Event: 16.295 Thread 0x000001a124fb4780 nmethod 3264 0x000001a111007610 code [0x000001a111007800, 0x000001a111007c08]
Event: 16.295 Thread 0x000001a124fb4780 3265   !   3       jdk.internal.ref.PhantomCleanable::isListEmpty (34 bytes)
Event: 16.295 Thread 0x000001a124fb4780 nmethod 3265 0x000001a111007d90 code [0x000001a111007f40, 0x000001a111008198]
Event: 16.295 Thread 0x000001a16da08ac0 nmethod 3263 0x000001a111008290 code [0x000001a1110084e0, 0x000001a111008e18]
Event: 16.295 Thread 0x000001a124fb4780 3266       3       jdk.internal.misc.InnocuousThread::eraseThreadLocals (23 bytes)
Event: 16.295 Thread 0x000001a16da08ac0 3267   !   3       java.lang.ref.ReferenceQueue::remove (61 bytes)
Event: 16.295 Thread 0x000001a124fb4780 nmethod 3266 0x000001a111009190 code [0x000001a111009340, 0x000001a111009528]
Event: 16.295 Thread 0x000001a124fb4780 3268       3       java.lang.ref.ReferenceQueue::remove0 (64 bytes)
Event: 16.296 Thread 0x000001a124fb4780 nmethod 3268 0x000001a111009590 code [0x000001a1110097a0, 0x000001a111009c20]
Event: 16.296 Thread 0x000001a124fb4780 3269       3       java.lang.invoke.MethodHandleNatives$CallSiteContext::run (5 bytes)
Event: 16.296 Thread 0x000001a124fb4780 nmethod 3269 0x000001a111009d90 code [0x000001a111009f40, 0x000001a11100a078]
Event: 16.296 Thread 0x000001a124fb4780 3270       3       java.lang.Module::canRead (86 bytes)
Event: 16.297 Thread 0x000001a16da08ac0 nmethod 3267 0x000001a11100a110 code [0x000001a11100a3a0, 0x000001a11100af28]
Event: 16.298 Thread 0x000001a124fb4780 nmethod 3270 0x000001a11100b310 code [0x000001a11100b700, 0x000001a11100d178]
Event: 16.299 Thread 0x000001a16da08ac0 3271       3       java.lang.invoke.MethodHandles$Lookup::hasFullPrivilegeAccess (18 bytes)
Event: 16.299 Thread 0x000001a16da08ac0 nmethod 3271 0x000001a11100d810 code [0x000001a11100d9a0, 0x000001a11100db08]

GC Heap History (10 events):
Event: 1.785 GC heap before
{Heap before GC invocations=0 (full 0):
 garbage-first heap   total 129024K, used 22528K [0x00000000a0000000, 0x0000000100000000)
  region size 1024K, 23 young (23552K), 0 survivors (0K)
 Metaspace       used 1102K, committed 1216K, reserved 1114112K
  class space    used 76K, committed 128K, reserved 1048576K
}
Event: 1.802 GC heap after
{Heap after GC invocations=1 (full 0):
 garbage-first heap   total 129024K, used 3314K [0x00000000a0000000, 0x0000000100000000)
  region size 1024K, 3 young (3072K), 3 survivors (3072K)
 Metaspace       used 1102K, committed 1216K, reserved 1114112K
  class space    used 76K, committed 128K, reserved 1048576K
}
Event: 4.246 GC heap before
{Heap before GC invocations=1 (full 0):
 garbage-first heap   total 129024K, used 39154K [0x00000000a0000000, 0x0000000100000000)
  region size 1024K, 36 young (36864K), 3 survivors (3072K)
 Metaspace       used 4476K, committed 4672K, reserved 1114112K
  class space    used 535K, committed 640K, reserved 1048576K
}
Event: 4.266 GC heap after
{Heap after GC invocations=2 (full 0):
 garbage-first heap   total 129024K, used 11063K [0x00000000a0000000, 0x0000000100000000)
  region size 1024K, 5 young (5120K), 5 survivors (5120K)
 Metaspace       used 4476K, committed 4672K, reserved 1114112K
  class space    used 535K, committed 640K, reserved 1048576K
}
Event: 5.918 GC heap before
{Heap before GC invocations=2 (full 0):
 garbage-first heap   total 129024K, used 57143K [0x00000000a0000000, 0x0000000100000000)
  region size 1024K, 48 young (49152K), 5 survivors (5120K)
 Metaspace       used 4733K, committed 4928K, reserved 1114112K
  class space    used 578K, committed 704K, reserved 1048576K
}
Event: 5.931 GC heap after
{Heap after GC invocations=3 (full 0):
 garbage-first heap   total 129024K, used 16581K [0x00000000a0000000, 0x0000000100000000)
  region size 1024K, 5 young (5120K), 5 survivors (5120K)
 Metaspace       used 4733K, committed 4928K, reserved 1114112K
  class space    used 578K, committed 704K, reserved 1048576K
}
Event: 14.844 GC heap before
{Heap before GC invocations=3 (full 0):
 garbage-first heap   total 129024K, used 87237K [0x00000000a0000000, 0x0000000100000000)
  region size 1024K, 75 young (76800K), 5 survivors (5120K)
 Metaspace       used 18466K, committed 19008K, reserved 1114112K
  class space    used 2540K, committed 2816K, reserved 1048576K
}
Event: 14.884 GC heap after
{Heap after GC invocations=4 (full 0):
 garbage-first heap   total 129024K, used 22654K [0x00000000a0000000, 0x0000000100000000)
  region size 1024K, 10 young (10240K), 10 survivors (10240K)
 Metaspace       used 18466K, committed 19008K, reserved 1114112K
  class space    used 2540K, committed 2816K, reserved 1048576K
}
Event: 16.281 GC heap before
{Heap before GC invocations=4 (full 0):
 garbage-first heap   total 129024K, used 42110K [0x00000000a0000000, 0x0000000100000000)
  region size 1024K, 30 young (30720K), 10 survivors (10240K)
 Metaspace       used 20882K, committed 21504K, reserved 1114112K
  class space    used 2953K, committed 3264K, reserved 1048576K
}
Event: 16.292 GC heap after
{Heap after GC invocations=5 (full 0):
 garbage-first heap   total 129024K, used 24803K [0x00000000a0000000, 0x0000000100000000)
  region size 1024K, 3 young (3072K), 3 survivors (3072K)
 Metaspace       used 20882K, committed 21504K, reserved 1114112K
  class space    used 2953K, committed 3264K, reserved 1048576K
}

Dll operation events (15 events):
Event: 0.195 Loaded shared library C:\Users\USUARIO\AppData\Roaming\Code\User\globalStorage\pleiades.java-extension-pack-jdk\java\21\bin\java.dll
Event: 0.365 Loaded shared library C:\Users\USUARIO\AppData\Roaming\Code\User\globalStorage\pleiades.java-extension-pack-jdk\java\21\bin\jsvml.dll
Event: 0.510 Loaded shared library C:\Users\USUARIO\AppData\Roaming\Code\User\globalStorage\pleiades.java-extension-pack-jdk\java\21\bin\zip.dll
Event: 0.522 Loaded shared library C:\Users\USUARIO\AppData\Roaming\Code\User\globalStorage\pleiades.java-extension-pack-jdk\java\21\bin\instrument.dll
Event: 0.554 Loaded shared library C:\Users\USUARIO\AppData\Roaming\Code\User\globalStorage\pleiades.java-extension-pack-jdk\java\21\bin\net.dll
Event: 0.565 Loaded shared library C:\Users\USUARIO\AppData\Roaming\Code\User\globalStorage\pleiades.java-extension-pack-jdk\java\21\bin\nio.dll
Event: 0.573 Loaded shared library C:\Users\USUARIO\AppData\Roaming\Code\User\globalStorage\pleiades.java-extension-pack-jdk\java\21\bin\zip.dll
Event: 1.451 Loaded shared library C:\Users\USUARIO\AppData\Roaming\Code\User\globalStorage\pleiades.java-extension-pack-jdk\java\21\bin\jimage.dll
Event: 2.081 Loaded shared library C:\Users\USUARIO\AppData\Roaming\Code\User\globalStorage\pleiades.java-extension-pack-jdk\java\21\bin\verify.dll
Event: 2.512 Loaded shared library C:\Users\USUARIO\.gradle\native\c067742578af261105cb4f569cf0c3c89f3d7b1fecec35dd04571415982c5e48\windows-amd64\native-platform.dll
Event: 2.522 Loaded shared library C:\Users\USUARIO\.gradle\native\100fb08df4bc3b14c8652ba06237920a3bd2aa13389f12d3474272988ae205f9\windows-amd64\native-platform-file-events.dll
Event: 6.870 Loaded shared library C:\Users\USUARIO\AppData\Roaming\Code\User\globalStorage\pleiades.java-extension-pack-jdk\java\21\bin\management.dll
Event: 6.916 Loaded shared library C:\Users\USUARIO\AppData\Roaming\Code\User\globalStorage\pleiades.java-extension-pack-jdk\java\21\bin\management_ext.dll
Event: 8.170 Loaded shared library C:\Users\USUARIO\AppData\Roaming\Code\User\globalStorage\pleiades.java-extension-pack-jdk\java\21\bin\extnet.dll
Event: 9.312 Loaded shared library C:\Users\USUARIO\AppData\Roaming\Code\User\globalStorage\pleiades.java-extension-pack-jdk\java\21\bin\sunmscapi.dll

Deoptimization events (20 events):
Event: 14.610 Thread 0x000001a16b9bcbf0 DEOPT PACKING pc=0x000001a110e60682 sp=0x0000008b4abfc050
Event: 14.610 Thread 0x000001a16b9bcbf0 DEOPT UNPACKING pc=0x000001a117e34e42 sp=0x0000008b4abfb560 mode 0
Event: 14.653 Thread 0x000001a16b9bcbf0 DEOPT PACKING pc=0x000001a110e60661 sp=0x0000008b4abf8c60
Event: 14.653 Thread 0x000001a16b9bcbf0 DEOPT UNPACKING pc=0x000001a117e34e42 sp=0x0000008b4abf8170 mode 0
Event: 15.046 Thread 0x000001a16b9bcbf0 DEOPT PACKING pc=0x000001a110a91359 sp=0x0000008b4abfb600
Event: 15.046 Thread 0x000001a16b9bcbf0 DEOPT UNPACKING pc=0x000001a117e34e42 sp=0x0000008b4abfaa98 mode 0
Event: 15.982 Thread 0x000001a16b9bcbf0 DEOPT PACKING pc=0x000001a110e60682 sp=0x0000008b4abfc3a0
Event: 15.982 Thread 0x000001a16b9bcbf0 DEOPT UNPACKING pc=0x000001a117e34e42 sp=0x0000008b4abfb8b0 mode 0
Event: 16.097 Thread 0x000001a16b9bcbf0 Uncommon trap: trap_request=0xffffff45 fr.pc=0x000001a11868ca88 relative=0x00000000000000e8
Event: 16.097 Thread 0x000001a16b9bcbf0 Uncommon trap: reason=unstable_if action=reinterpret pc=0x000001a11868ca88 method=java.util.Arrays.equals([Ljava/lang/Object;[Ljava/lang/Object;)Z @ 44 c2
Event: 16.097 Thread 0x000001a16b9bcbf0 DEOPT PACKING pc=0x000001a11868ca88 sp=0x0000008b4abfb680
Event: 16.098 Thread 0x000001a16b9bcbf0 DEOPT UNPACKING pc=0x000001a117e346a2 sp=0x0000008b4abfb620 mode 2
Event: 16.098 Thread 0x000001a16b9bcbf0 Uncommon trap: trap_request=0xffffff45 fr.pc=0x000001a1186b0a90 relative=0x00000000000002b0
Event: 16.098 Thread 0x000001a16b9bcbf0 Uncommon trap: reason=unstable_if action=reinterpret pc=0x000001a1186b0a90 method=java.util.HashMap.getNode(Ljava/lang/Object;)Ljava/util/HashMap$Node; @ 131 c2
Event: 16.098 Thread 0x000001a16b9bcbf0 DEOPT PACKING pc=0x000001a1186b0a90 sp=0x0000008b4abfb740
Event: 16.098 Thread 0x000001a16b9bcbf0 DEOPT UNPACKING pc=0x000001a117e346a2 sp=0x0000008b4abfb6b0 mode 2
Event: 16.098 Thread 0x000001a16b9bcbf0 Uncommon trap: trap_request=0xffffff45 fr.pc=0x000001a11865d280 relative=0x0000000000000760
Event: 16.098 Thread 0x000001a16b9bcbf0 Uncommon trap: reason=unstable_if action=reinterpret pc=0x000001a11865d280 method=java.util.HashMap.putVal(ILjava/lang/Object;Ljava/lang/Object;ZZ)Ljava/lang/Object; @ 206 c2
Event: 16.098 Thread 0x000001a16b9bcbf0 DEOPT PACKING pc=0x000001a11865d280 sp=0x0000008b4abfb6b0
Event: 16.098 Thread 0x000001a16b9bcbf0 DEOPT UNPACKING pc=0x000001a117e346a2 sp=0x0000008b4abfb638 mode 2

Classes loaded (20 events):
Event: 14.333 Loading class java/util/stream/IntStream
Event: 14.335 Loading class java/util/stream/IntStream done
Event: 14.534 Loading class java/util/function/LongFunction
Event: 14.536 Loading class java/util/function/LongFunction done
Event: 14.795 Loading class java/security/InvalidKeyException
Event: 14.796 Loading class java/security/KeyException
Event: 14.799 Loading class java/security/KeyException done
Event: 14.799 Loading class java/security/InvalidKeyException done
Event: 15.906 Loading class javax/xml/parsers/ParserConfigurationException
Event: 15.915 Loading class javax/xml/parsers/ParserConfigurationException done
Event: 15.915 Loading class org/xml/sax/SAXException
Event: 15.916 Loading class org/xml/sax/SAXException done
Event: 15.916 Loading class javax/xml/xpath/XPathExpressionException
Event: 15.919 Loading class javax/xml/xpath/XPathException
Event: 15.920 Loading class javax/xml/xpath/XPathException done
Event: 15.920 Loading class javax/xml/xpath/XPathExpressionException done
Event: 15.920 Loading class org/xml/sax/ErrorHandler
Event: 15.921 Loading class org/xml/sax/ErrorHandler done
Event: 16.265 Loading class java/lang/ThreadLocal$SuppliedThreadLocal
Event: 16.267 Loading class java/lang/ThreadLocal$SuppliedThreadLocal done

Classes unloaded (0 events):
No events

Classes redefined (0 events):
No events

Internal exceptions (20 events):
Event: 13.851 Thread 0x000001a16b9bcbf0 Exception <a 'java/lang/NoSuchMethodError'{0x00000000a3e51de0}: 'java.lang.Object java.lang.invoke.DirectMethodHandle$Holder.invokeStatic(java.lang.Object, java.lang.Object, java.lang.Object, java.lang.Object, java.lang.Object, java.lang.Object, java.lang.Object, java.lang.Object, java.lang.Object, java.lang.Object, java.lang.Object, java.lang.Object, java.lang.Object, java.lang.Object, java.lang.Object, java.lang.Object, java.lang.Object, java.lang.Object, java.lang.Object, java.lang.Object, java.lang.Obj
Event: 13.855 Thread 0x000001a16b9bcbf0 Exception <a 'java/lang/NoSuchMethodError'{0x00000000a3e7f880}: 'java.lang.Object java.lang.invoke.DirectMethodHandle$Holder.invokeStatic(java.lang.Object, java.lang.Object, java.lang.Object, java.lang.Object, java.lang.Object, java.lang.Object, java.lang.Object, java.lang.Object, java.lang.Object, java.lang.Object, java.lang.Object, java.lang.Object, java.lang.Object, java.lang.Object, java.lang.Object, java.lang.Object, java.lang.Object, java.lang.Object, java.lang.Object, java.lang.Object, java.lang.Obj
Event: 13.863 Thread 0x000001a16b9bcbf0 Exception <a 'java/lang/NoSuchMethodError'{0x00000000a3eadb40}: 'java.lang.Object java.lang.invoke.DirectMethodHandle$Holder.invokeStatic(java.lang.Object, java.lang.Object, java.lang.Object, java.lang.Object, java.lang.Object, java.lang.Object, java.lang.Object, java.lang.Object, java.lang.Object, java.lang.Object, java.lang.Object, java.lang.Object, java.lang.Object, java.lang.Object, java.lang.Object, java.lang.Object, java.lang.Object, java.lang.Object, java.lang.Object, java.lang.Object, java.lang.Obj
Event: 13.873 Thread 0x000001a16b9bcbf0 Exception <a 'java/lang/NoSuchMethodError'{0x00000000a3edcda8}: 'java.lang.Object java.lang.invoke.DirectMethodHandle$Holder.invokeStatic(java.lang.Object, java.lang.Object, java.lang.Object, java.lang.Object, java.lang.Object, java.lang.Object, java.lang.Object, java.lang.Object, java.lang.Object, java.lang.Object, java.lang.Object, java.lang.Object, java.lang.Object, java.lang.Object, java.lang.Object, java.lang.Object, java.lang.Object, java.lang.Object, java.lang.Object, java.lang.Object, java.lang.Obj
Event: 13.887 Thread 0x000001a16b9bcbf0 Exception <a 'java/lang/NoSuchMethodError'{0x00000000a3d0d590}: 'java.lang.Object java.lang.invoke.DirectMethodHandle$Holder.invokeStatic(java.lang.Object, java.lang.Object, java.lang.Object, java.lang.Object, java.lang.Object, java.lang.Object, java.lang.Object, java.lang.Object, java.lang.Object, java.lang.Object, java.lang.Object, java.lang.Object, java.lang.Object, java.lang.Object, java.lang.Object, java.lang.Object, java.lang.Object, java.lang.Object, java.lang.Object, java.lang.Object, java.lang.Obj
Event: 13.892 Thread 0x000001a16b9bcbf0 Exception <a 'java/lang/NoSuchMethodError'{0x00000000a3d3ecd0}: 'java.lang.Object java.lang.invoke.DirectMethodHandle$Holder.invokeStatic(java.lang.Object, java.lang.Object, java.lang.Object, java.lang.Object, java.lang.Object, java.lang.Object, java.lang.Object, java.lang.Object, java.lang.Object, java.lang.Object, java.lang.Object, java.lang.Object, java.lang.Object, java.lang.Object, java.lang.Object, java.lang.Object, java.lang.Object, java.lang.Object, java.lang.Object, java.lang.Object, java.lang.Obj
Event: 14.018 Thread 0x000001a16b9bcbf0 Exception <a 'java/lang/IncompatibleClassChangeError'{0x00000000a3c6e130}: Found class java.lang.Object, but interface was expected> (0x00000000a3c6e130) 
thrown [s\src\hotspot\share\interpreter\linkResolver.cpp, line 840]
Event: 14.304 Thread 0x000001a16b9ec780 Exception <a 'java/lang/NoSuchMethodError'{0x00000000a39b0218}: static Lorg/gradle/internal/build/event/types/DefaultOperationStartedProgressEvent;.<clinit>()V> (0x00000000a39b0218) 
thrown [s\src\hotspot\share\prims\jni.cpp, line 1111]
Event: 14.306 Thread 0x000001a16b9ec780 Exception <a 'java/lang/NoSuchMethodError'{0x00000000a39b23a0}: static Lorg/gradle/internal/build/event/types/AbstractProgressEvent;.<clinit>()V> (0x00000000a39b23a0) 
thrown [s\src\hotspot\share\prims\jni.cpp, line 1111]
Event: 14.319 Thread 0x000001a16b9ec780 Exception <a 'java/lang/NoSuchMethodError'{0x00000000a39bb330}: static Lorg/gradle/internal/build/event/types/DefaultOperationDescriptor;.<clinit>()V> (0x00000000a39bb330) 
thrown [s\src\hotspot\share\prims\jni.cpp, line 1111]
Event: 14.323 Thread 0x000001a16b9ec780 Exception <a 'java/lang/NoSuchMethodError'{0x00000000a39c0708}: 'long java.lang.invoke.DirectMethodHandle$Holder.invokeSpecial(java.lang.Object, java.lang.Object)'> (0x00000000a39c0708) 
thrown [s\src\hotspot\share\interpreter\linkResolver.cpp, line 773]
Event: 14.323 Thread 0x000001a16b9ec780 Exception <a 'java/lang/NoSuchMethodError'{0x00000000a39c3940}: 'long java.lang.invoke.Invokers$Holder.invokeExact_MT(java.lang.Object, java.lang.Object)'> (0x00000000a39c3940) 
thrown [s\src\hotspot\share\interpreter\linkResolver.cpp, line 773]
Event: 14.340 Thread 0x000001a16b9ec780 Exception <a 'java/lang/NoSuchMethodError'{0x00000000a39dcb70}: static Lorg/gradle/internal/operations/OperationIdentifier;.<clinit>()V> (0x00000000a39dcb70) 
thrown [s\src\hotspot\share\prims\jni.cpp, line 1111]
Event: 14.972 Thread 0x000001a16b9bcbf0 Exception <a 'java/lang/IncompatibleClassChangeError'{0x00000000a7ca6af0}: Found class java.lang.Object, but interface was expected> (0x00000000a7ca6af0) 
thrown [s\src\hotspot\share\interpreter\linkResolver.cpp, line 840]
Event: 14.991 Thread 0x000001a16b9bcbf0 Exception <a 'java/lang/NoSuchMethodError'{0x00000000a7cd92c8}: 'java.lang.Object java.lang.invoke.DirectMethodHandle$Holder.newInvokeSpecial(java.lang.Object, java.lang.Object, java.lang.Object, java.lang.Object, java.lang.Object, java.lang.Object, java.lang.Object, java.lang.Object, java.lang.Object, java.lang.Object)'> (0x00000000a7cd92c8) 
thrown [s\src\hotspot\share\interpreter\linkResolver.cpp, line 773]
Event: 15.065 Thread 0x000001a16b9bcbf0 Exception <a 'java/lang/NoSuchMethodError'{0x00000000a7a0fdb8}: 'java.lang.Object java.lang.invoke.DirectMethodHandle$Holder.newInvokeSpecial(java.lang.Object, java.lang.Object, java.lang.Object, java.lang.Object, java.lang.Object, java.lang.Object, java.lang.Object, java.lang.Object)'> (0x00000000a7a0fdb8) 
thrown [s\src\hotspot\share\interpreter\linkResolver.cpp, line 773]
Event: 15.109 Thread 0x000001a16b9bcbf0 Exception <a 'java/lang/NoSuchMethodError'{0x00000000a7abebe8}: 'int java.lang.invoke.DirectMethodHandle$Holder.invokeStaticInit(java.lang.Object, java.lang.Object, java.lang.Object)'> (0x00000000a7abebe8) 
thrown [s\src\hotspot\share\interpreter\linkResolver.cpp, line 773]
Event: 15.549 Thread 0x000001a16b9bcbf0 Exception <a 'java/lang/NoSuchMethodError'{0x00000000a749a9b0}: 'java.lang.Object java.lang.invoke.DirectMethodHandle$Holder.invokeVirtual(java.lang.Object, java.lang.Object, java.lang.Object, java.lang.Object, java.lang.Object, java.lang.Object, java.lang.Object, java.lang.Object, java.lang.Object, java.lang.Object, java.lang.Object, java.lang.Object, java.lang.Object, java.lang.Object, java.lang.Object, java.lang.Object, java.lang.Object, java.lang.Object, java.lang.Object, java.lang.Object, java.lang.Ob
Event: 15.591 Thread 0x000001a16b9bcbf0 Exception <a 'java/lang/NoSuchMethodError'{0x00000000a730e418}: 'java.lang.Object java.lang.invoke.DirectMethodHandle$Holder.invokeSpecial(java.lang.Object, java.lang.Object, java.lang.Object, java.lang.Object, java.lang.Object, java.lang.Object, java.lang.Object, java.lang.Object, java.lang.Object, java.lang.Object, java.lang.Object, java.lang.Object, java.lang.Object, java.lang.Object, java.lang.Object, java.lang.Object, java.lang.Object, java.lang.Object, java.lang.Object, java.lang.Object, java.lang.Ob
Event: 16.146 Thread 0x000001a16b9bcbf0 Exception <a 'java/lang/NoSuchMethodError'{0x00000000a6b32ca8}: 'java.lang.Object java.lang.invoke.DirectMethodHandle$Holder.newInvokeSpecial(java.lang.Object, java.lang.Object, java.lang.Object, java.lang.Object, java.lang.Object, java.lang.Object, java.lang.Object)'> (0x00000000a6b32ca8) 
thrown [s\src\hotspot\share\interpreter\linkResolver.cpp, line 773]

ZGC Phase Switch (0 events):
No events

VM Operations (20 events):
Event: 10.358 Executing VM operation: Cleanup done
Event: 11.371 Executing VM operation: Cleanup
Event: 11.372 Executing VM operation: Cleanup done
Event: 12.388 Executing VM operation: Cleanup
Event: 12.389 Executing VM operation: Cleanup done
Event: 12.525 Executing VM operation: HandshakeAllThreads (Deoptimize)
Event: 12.525 Executing VM operation: HandshakeAllThreads (Deoptimize) done
Event: 13.531 Executing VM operation: Cleanup
Event: 13.546 Executing VM operation: Cleanup done
Event: 13.934 Executing VM operation: HandshakeAllThreads (Deoptimize)
Event: 13.934 Executing VM operation: HandshakeAllThreads (Deoptimize) done
Event: 13.935 Executing VM operation: HandshakeAllThreads (Deoptimize)
Event: 13.935 Executing VM operation: HandshakeAllThreads (Deoptimize) done
Event: 14.826 Executing VM operation: G1CollectForAllocation (G1 Evacuation Pause)
Event: 14.884 Executing VM operation: G1CollectForAllocation (G1 Evacuation Pause) done
Event: 15.884 Executing VM operation: Cleanup
Event: 15.885 Executing VM operation: Cleanup done
Event: 16.281 Executing VM operation: CollectForMetadataAllocation (Metadata GC Threshold)
Event: 16.292 Executing VM operation: CollectForMetadataAllocation (Metadata GC Threshold) done
Event: 17.301 Executing VM operation: Cleanup

Memory protections (0 events):
No events

Nmethod flushes (0 events):
No events

Events (20 events):
Event: 0.418 Thread 0x000001a1082a29f0 Thread added: 0x000001a16a0892e0
Event: 0.616 Thread 0x000001a1082a29f0 Thread added: 0x000001a16a232360
Event: 7.106 Thread 0x000001a1082a29f0 Thread added: 0x000001a16abceeb0
Event: 8.549 Thread 0x000001a1082a29f0 Thread added: 0x000001a16b922df0
Event: 9.006 Thread 0x000001a1082a29f0 Thread added: 0x000001a16b971b10
Event: 9.674 Thread 0x000001a16b922df0 Thread added: 0x000001a16bb23b00
Event: 9.685 Thread 0x000001a16bb23b00 Thread added: 0x000001a16bb77300
Event: 9.852 Thread 0x000001a16bb23b00 Thread added: 0x000001a16b9bb760
Event: 9.896 Thread 0x000001a16bb23b00 Thread added: 0x000001a16b9bcbf0
Event: 9.979 Thread 0x000001a16b9bcbf0 Thread added: 0x000001a16b9bdd10
Event: 10.003 Thread 0x000001a16b9bcbf0 Thread added: 0x000001a16b9eba60
Event: 10.011 Thread 0x000001a16b9bcbf0 Thread added: 0x000001a16b9ec780
Event: 12.532 Thread 0x000001a16b9bcbf0 Thread added: 0x000001a16b9ed4a0
Event: 12.586 Thread 0x000001a16b9bcbf0 Thread added: 0x000001a16b9ec0f0
Event: 12.754 Thread 0x000001a16b9bcbf0 Thread added: 0x000001a16b9edb30
Event: 12.759 Thread 0x000001a16b9ec0f0 Thread added: 0x000001a16b9ece10
Event: 14.817 Thread 0x000001a124fb4780 Thread added: 0x000001a16cafb680
Event: 15.849 Thread 0x000001a16b9bcbf0 Thread added: 0x000001a16b9ee850
Event: 16.132 Thread 0x000001a124fb4780 Thread added: 0x000001a16da08ac0
Event: 16.151 Thread 0x000001a16da08ac0 Thread added: 0x000001a16ddb3d00


Dynamic libraries:
0x00007ff670d30000 - 0x00007ff670d3e000 	C:\Users\USUARIO\AppData\Roaming\Code\User\globalStorage\pleiades.java-extension-pack-jdk\java\21\bin\java.exe
0x00007ffbc6e80000 - 0x00007ffbc70e6000 	C:\WINDOWS\SYSTEM32\ntdll.dll
0x00007ffb9e840000 - 0x00007ffb9e85b000 	C:\Program Files\AVG\Antivirus\aswhook.dll
0x00007ffbc5910000 - 0x00007ffbc59d9000 	C:\WINDOWS\System32\KERNEL32.DLL
0x00007ffbc4870000 - 0x00007ffbc4c3c000 	C:\WINDOWS\System32\KERNELBASE.dll
0x00007ffbc4570000 - 0x00007ffbc46bb000 	C:\WINDOWS\System32\ucrtbase.dll
0x00007ffba63c0000 - 0x00007ffba63d8000 	C:\Users\USUARIO\AppData\Roaming\Code\User\globalStorage\pleiades.java-extension-pack-jdk\java\21\bin\jli.dll
0x00007ffbc6c60000 - 0x00007ffbc6e2a000 	C:\WINDOWS\System32\USER32.dll
0x00007ffbc4840000 - 0x00007ffbc4867000 	C:\WINDOWS\System32\win32u.dll
0x00007ffbc58c0000 - 0x00007ffbc58eb000 	C:\WINDOWS\System32\GDI32.dll
0x00007ffbc4430000 - 0x00007ffbc4562000 	C:\WINDOWS\System32\gdi32full.dll
0x00007ffbc4190000 - 0x00007ffbc4233000 	C:\WINDOWS\System32\msvcp_win.dll
0x00007ffba0710000 - 0x00007ffba09aa000 	C:\WINDOWS\WinSxS\amd64_microsoft.windows.common-controls_6595b64144ccf1df_6.0.26100.3912_none_3e07963ce335137e\COMCTL32.dll
0x00007ffba63a0000 - 0x00007ffba63be000 	C:\Users\USUARIO\AppData\Roaming\Code\User\globalStorage\pleiades.java-extension-pack-jdk\java\21\bin\VCRUNTIME140.dll
0x00007ffbc4db0000 - 0x00007ffbc4e59000 	C:\WINDOWS\System32\msvcrt.dll
0x00007ffbc6b20000 - 0x00007ffbc6b50000 	C:\WINDOWS\System32\IMM32.DLL
0x00007ffbaed90000 - 0x00007ffbaed9c000 	C:\Users\USUARIO\AppData\Roaming\Code\User\globalStorage\pleiades.java-extension-pack-jdk\java\21\bin\vcruntime140_1.dll
0x00007ffb7a970000 - 0x00007ffb7a9fd000 	C:\Users\USUARIO\AppData\Roaming\Code\User\globalStorage\pleiades.java-extension-pack-jdk\java\21\bin\msvcp140.dll
0x00007ffb6fcb0000 - 0x00007ffb70a40000 	C:\Users\USUARIO\AppData\Roaming\Code\User\globalStorage\pleiades.java-extension-pack-jdk\java\21\bin\server\jvm.dll
0x00007ffbc57a0000 - 0x00007ffbc5852000 	C:\WINDOWS\System32\ADVAPI32.dll
0x00007ffbc5f50000 - 0x00007ffbc5ff6000 	C:\WINDOWS\System32\sechost.dll
0x00007ffbc5a70000 - 0x00007ffbc5b86000 	C:\WINDOWS\System32\RPCRT4.dll
0x00007ffbc50e0000 - 0x00007ffbc5154000 	C:\WINDOWS\System32\WS2_32.dll
0x00007ffbc2c40000 - 0x00007ffbc2c9e000 	C:\WINDOWS\SYSTEM32\POWRPROF.dll
0x00007ffbb24f0000 - 0x00007ffbb2526000 	C:\WINDOWS\SYSTEM32\WINMM.dll
0x00007ffbbd270000 - 0x00007ffbbd27b000 	C:\WINDOWS\SYSTEM32\VERSION.dll
0x00007ffbc2c20000 - 0x00007ffbc2c34000 	C:\WINDOWS\SYSTEM32\UMPDC.dll
0x00007ffbc2ef0000 - 0x00007ffbc2f0a000 	C:\WINDOWS\SYSTEM32\kernel.appcore.dll
0x00007ffba6360000 - 0x00007ffba636a000 	C:\Users\USUARIO\AppData\Roaming\Code\User\globalStorage\pleiades.java-extension-pack-jdk\java\21\bin\jimage.dll
0x00007ffbb1700000 - 0x00007ffbb1941000 	C:\WINDOWS\SYSTEM32\DBGHELP.DLL
0x00007ffbc5b90000 - 0x00007ffbc5f14000 	C:\WINDOWS\System32\combase.dll
0x00007ffbc4e60000 - 0x00007ffbc4f40000 	C:\WINDOWS\System32\OLEAUT32.dll
0x00007ffbb1430000 - 0x00007ffbb1469000 	C:\WINDOWS\SYSTEM32\dbgcore.DLL
0x00007ffbc4300000 - 0x00007ffbc4399000 	C:\WINDOWS\System32\bcryptPrimitives.dll
0x00007ffb9ee10000 - 0x00007ffb9ee1f000 	C:\Users\USUARIO\AppData\Roaming\Code\User\globalStorage\pleiades.java-extension-pack-jdk\java\21\bin\instrument.dll
0x00007ffba0d80000 - 0x00007ffba0d9f000 	C:\Users\USUARIO\AppData\Roaming\Code\User\globalStorage\pleiades.java-extension-pack-jdk\java\21\bin\java.dll
0x00007ffbc6240000 - 0x00007ffbc696d000 	C:\WINDOWS\System32\SHELL32.dll
0x00007ffbc4010000 - 0x00007ffbc4184000 	C:\WINDOWS\System32\wintypes.dll
0x00007ffbc1c70000 - 0x00007ffbc24c6000 	C:\WINDOWS\SYSTEM32\windows.storage.dll
0x00007ffbc6b60000 - 0x00007ffbc6c4f000 	C:\WINDOWS\System32\SHCORE.dll
0x00007ffbc4f50000 - 0x00007ffbc4fb9000 	C:\WINDOWS\System32\shlwapi.dll
0x00007ffbc3f20000 - 0x00007ffbc3f4f000 	C:\WINDOWS\SYSTEM32\profapi.dll
0x00007ffb76930000 - 0x00007ffb76a07000 	C:\Users\USUARIO\AppData\Roaming\Code\User\globalStorage\pleiades.java-extension-pack-jdk\java\21\bin\jsvml.dll
0x00007ffb9ee50000 - 0x00007ffb9ee68000 	C:\Users\USUARIO\AppData\Roaming\Code\User\globalStorage\pleiades.java-extension-pack-jdk\java\21\bin\zip.dll
0x00007ffba0ac0000 - 0x00007ffba0ad0000 	C:\Users\USUARIO\AppData\Roaming\Code\User\globalStorage\pleiades.java-extension-pack-jdk\java\21\bin\net.dll
0x00007ffbbd070000 - 0x00007ffbbd18e000 	C:\WINDOWS\SYSTEM32\WINHTTP.dll
0x00007ffbc3460000 - 0x00007ffbc34ca000 	C:\WINDOWS\system32\mswsock.dll
0x00007ffb9ee70000 - 0x00007ffb9ee86000 	C:\Users\USUARIO\AppData\Roaming\Code\User\globalStorage\pleiades.java-extension-pack-jdk\java\21\bin\nio.dll
0x00007ffb9e3d0000 - 0x00007ffb9e3e0000 	C:\Users\USUARIO\AppData\Roaming\Code\User\globalStorage\pleiades.java-extension-pack-jdk\java\21\bin\verify.dll
0x00007ffba3730000 - 0x00007ffba3757000 	C:\Users\USUARIO\.gradle\native\c067742578af261105cb4f569cf0c3c89f3d7b1fecec35dd04571415982c5e48\windows-amd64\native-platform.dll
0x00007ffb72db0000 - 0x00007ffb72ef4000 	C:\Users\USUARIO\.gradle\native\100fb08df4bc3b14c8652ba06237920a3bd2aa13389f12d3474272988ae205f9\windows-amd64\native-platform-file-events.dll
0x00007ffb9f520000 - 0x00007ffb9f52a000 	C:\Users\USUARIO\AppData\Roaming\Code\User\globalStorage\pleiades.java-extension-pack-jdk\java\21\bin\management.dll
0x00007ffb9e9f0000 - 0x00007ffb9e9fb000 	C:\Users\USUARIO\AppData\Roaming\Code\User\globalStorage\pleiades.java-extension-pack-jdk\java\21\bin\management_ext.dll
0x00007ffbc5860000 - 0x00007ffbc5868000 	C:\WINDOWS\System32\PSAPI.DLL
0x00007ffbc3700000 - 0x00007ffbc371c000 	C:\WINDOWS\SYSTEM32\CRYPTSP.dll
0x00007ffbc2e50000 - 0x00007ffbc2e8a000 	C:\WINDOWS\system32\rsaenh.dll
0x00007ffbc3500000 - 0x00007ffbc352b000 	C:\WINDOWS\SYSTEM32\USERENV.dll
0x00007ffbc3ef0000 - 0x00007ffbc3f16000 	C:\WINDOWS\SYSTEM32\bcrypt.dll
0x00007ffbc3720000 - 0x00007ffbc372c000 	C:\WINDOWS\SYSTEM32\CRYPTBASE.dll
0x00007ffbc2910000 - 0x00007ffbc2943000 	C:\WINDOWS\SYSTEM32\IPHLPAPI.DLL
0x00007ffbc58f0000 - 0x00007ffbc58fa000 	C:\WINDOWS\System32\NSI.dll
0x00007ffb9dd70000 - 0x00007ffb9dd79000 	C:\Users\USUARIO\AppData\Roaming\Code\User\globalStorage\pleiades.java-extension-pack-jdk\java\21\bin\extnet.dll
0x00007ffb9e860000 - 0x00007ffb9e86e000 	C:\Users\USUARIO\AppData\Roaming\Code\User\globalStorage\pleiades.java-extension-pack-jdk\java\21\bin\sunmscapi.dll
0x00007ffbc46c0000 - 0x00007ffbc4837000 	C:\WINDOWS\System32\CRYPT32.dll
0x00007ffbc3910000 - 0x00007ffbc3940000 	C:\WINDOWS\SYSTEM32\ncrypt.dll
0x00007ffbc38c0000 - 0x00007ffbc38ff000 	C:\WINDOWS\SYSTEM32\NTASN1.dll
0x00007ffbb77b0000 - 0x00007ffbb77b8000 	C:\WINDOWS\system32\wshunix.dll

dbghelp: loaded successfully - version: 4.0.5 - missing functions: none
symbol engine: initialized successfully - sym options: 0x614 - pdb path: .;C:\Users\USUARIO\AppData\Roaming\Code\User\globalStorage\pleiades.java-extension-pack-jdk\java\21\bin;C:\WINDOWS\SYSTEM32;C:\Program Files\AVG\Antivirus;C:\WINDOWS\WinSxS\amd64_microsoft.windows.common-controls_6595b64144ccf1df_6.0.26100.3912_none_3e07963ce335137e;C:\Users\USUARIO\AppData\Roaming\Code\User\globalStorage\pleiades.java-extension-pack-jdk\java\21\bin\server;C:\Users\USUARIO\.gradle\native\c067742578af261105cb4f569cf0c3c89f3d7b1fecec35dd04571415982c5e48\windows-amd64;C:\Users\USUARIO\.gradle\native\100fb08df4bc3b14c8652ba06237920a3bd2aa13389f12d3474272988ae205f9\windows-amd64

VM Arguments:
jvm_args: --add-opens=java.base/java.lang=ALL-UNNAMED --add-opens=java.base/java.lang.invoke=ALL-UNNAMED --add-opens=java.base/java.util=ALL-UNNAMED --add-opens=java.prefs/java.util.prefs=ALL-UNNAMED --add-exports=jdk.compiler/com.sun.tools.javac.api=ALL-UNNAMED --add-exports=jdk.compiler/com.sun.tools.javac.util=ALL-UNNAMED --add-opens=java.base/java.util=ALL-UNNAMED --add-opens=java.prefs/java.util.prefs=ALL-UNNAMED --add-opens=java.base/java.nio.charset=ALL-UNNAMED --add-opens=java.base/java.net=ALL-UNNAMED --add-opens=java.base/java.util.concurrent.atomic=ALL-UNNAMED --add-opens=java.xml/javax.xml.namespace=ALL-UNNAMED -Xmx1536m -Dfile.encoding=UTF-8 -Duser.country=CO -Duser.language=es -Duser.variant -javaagent:C:\Users\USUARIO\.gradle\wrapper\dists\gradle-8.11.1-all\2qik7nd48slq1ooc2496ixf4i\gradle-8.11.1\lib\agents\gradle-instrumentation-agent-8.11.1.jar 
java_command: org.gradle.launcher.daemon.bootstrap.GradleDaemon 8.11.1
java_class_path (initial): C:\Users\USUARIO\.gradle\wrapper\dists\gradle-8.11.1-all\2qik7nd48slq1ooc2496ixf4i\gradle-8.11.1\lib\gradle-daemon-main-8.11.1.jar
Launcher Type: SUN_STANDARD

[Global flags]
     intx CICompilerCount                          = 12                                        {product} {ergonomic}
     uint ConcGCThreads                            = 3                                         {product} {ergonomic}
     uint G1ConcRefinementThreads                  = 13                                        {product} {ergonomic}
   size_t G1HeapRegionSize                         = 1048576                                   {product} {ergonomic}
    uintx GCDrainStackTargetSize                   = 64                                        {product} {ergonomic}
   size_t InitialHeapSize                          = 132120576                                 {product} {ergonomic}
   size_t MarkStackSize                            = 4194304                                   {product} {ergonomic}
   size_t MaxHeapSize                              = 1610612736                                {product} {command line}
   size_t MaxNewSize                               = 965738496                                 {product} {ergonomic}
   size_t MinHeapDeltaBytes                        = 1048576                                   {product} {ergonomic}
   size_t MinHeapSize                              = 8388608                                   {product} {ergonomic}
    uintx NonNMethodCodeHeapSize                   = 7602480                                {pd product} {ergonomic}
    uintx NonProfiledCodeHeapSize                  = 122027880                              {pd product} {ergonomic}
    uintx ProfiledCodeHeapSize                     = 122027880                              {pd product} {ergonomic}
    uintx ReservedCodeCacheSize                    = 251658240                              {pd product} {ergonomic}
     bool SegmentedCodeCache                       = true                                      {product} {ergonomic}
   size_t SoftMaxHeapSize                          = 1610612736                             {manageable} {ergonomic}
     bool UseCompressedOops                        = true                           {product lp64_product} {ergonomic}
     bool UseG1GC                                  = true                                      {product} {ergonomic}
     bool UseLargePagesIndividualAllocation        = false                                  {pd product} {ergonomic}

Logging:
Log output configuration:
 #0: stdout all=warning uptime,level,tags foldmultilines=false
 #1: stderr all=off uptime,level,tags foldmultilines=false

Environment Variables:
PATH=C:\Program Files\Common Files\Oracle\Java\javapath;C:\WINDOWS\system32;C:\WINDOWS;C:\WINDOWS\System32\Wbem;C:\WINDOWS\System32\WindowsPowerShell\v1.0\;C:\WINDOWS\System32\OpenSSH\;C:\Program Files\dotnet\;C:\Program Files\nodejs\;C:\Program Files\Git\cmd;C:\Program Files\Docker\Docker\resources\bin;C:\Users\USUARIO\AppData\Local\Microsoft\WindowsApps;C:\Users\USUARIO\Desktop\IntelliJ IDEA 2024.3.4.1\bin;;C:\Users\USUARIO\AppData\Local\GitHubDesktop\bin;C:\Users\USUARIO\AppData\Roaming\npm;C:\Users\USUARIO\AppData\Local\Programs\Microsoft VS Code\bin
USERNAME=USUARIO
OS=Windows_NT
PROCESSOR_IDENTIFIER=AMD64 Family 25 Model 68 Stepping 1, AuthenticAMD
TMP=C:\Users\USUARIO\AppData\Local\Temp
TEMP=C:\Users\USUARIO\AppData\Local\Temp




Periodic native trim disabled

---------------  S Y S T E M  ---------------

OS:
 Windows 11 , 64 bit Build 26100 (10.0.26100.3912)
OS uptime: 2 days 3:26 hours
Hyper-V role detected

CPU: total 16 (initial active 16) (16 cores per cpu, 2 threads per core) family 25 model 68 stepping 1 microcode 0xa404107, cx8, cmov, fxsr, ht, mmx, 3dnowpref, sse, sse2, sse3, ssse3, sse4a, sse4.1, sse4.2, popcnt, lzcnt, tsc, tscinvbit, avx, avx2, aes, erms, clmul, bmi1, bmi2, adx, sha, fma, vzeroupper, clflush, clflushopt, hv, rdtscp, rdpid, fsrm, f16c, cet_ss
Processor Information for processor 0
  Max Mhz: 3100, Current Mhz: 3100, Mhz Limit: 3100
Processor Information for processor 1
  Max Mhz: 3100, Current Mhz: 3100, Mhz Limit: 3100
Processor Information for processor 2
  Max Mhz: 3100, Current Mhz: 3100, Mhz Limit: 3100
Processor Information for processor 3
  Max Mhz: 3100, Current Mhz: 3100, Mhz Limit: 3100
Processor Information for processor 4
  Max Mhz: 3100, Current Mhz: 3100, Mhz Limit: 3100
Processor Information for processor 5
  Max Mhz: 3100, Current Mhz: 3100, Mhz Limit: 3100
Processor Information for processor 6
  Max Mhz: 3100, Current Mhz: 3100, Mhz Limit: 3100
Processor Information for processor 7
  Max Mhz: 3100, Current Mhz: 3100, Mhz Limit: 3100
Processor Information for processor 8
  Max Mhz: 3100, Current Mhz: 2469, Mhz Limit: 3100
Processor Information for processor 9
  Max Mhz: 3100, Current Mhz: 3100, Mhz Limit: 3100
Processor Information for processor 10
  Max Mhz: 3100, Current Mhz: 3100, Mhz Limit: 3100
Processor Information for processor 11
  Max Mhz: 3100, Current Mhz: 3100, Mhz Limit: 3100
Processor Information for processor 12
  Max Mhz: 3100, Current Mhz: 3100, Mhz Limit: 3100
Processor Information for processor 13
  Max Mhz: 3100, Current Mhz: 3100, Mhz Limit: 3100
Processor Information for processor 14
  Max Mhz: 3100, Current Mhz: 2469, Mhz Limit: 3100
Processor Information for processor 15
  Max Mhz: 3100, Current Mhz: 3100, Mhz Limit: 3100

Memory: 4k page, system-wide physical 8010M (1043M free)
TotalPageFile size 32586M (AvailPageFile size 75M)
current process WorkingSet (physical memory assigned to process): 162M, peak: 194M
current process commit charge ("private bytes"): 267M, peak: 305M

vm_info: OpenJDK 64-Bit Server VM (21.0.7+6-LTS) for windows-amd64 JRE (21.0.7+6-LTS), built on 2025-04-15T00:00:00Z by "admin" with MS VC++ 17.7 (VS2022)

END.
